Archive member included because of file (symbol)

/opt/devkitPro/libnds/lib/libnds9.a(console.o)
                              main.o (consoleDemoInit)
/opt/devkitPro/libnds/lib/libnds9.a(initSystem.o)
                              /opt/devkitPro/devkitARM/lib/gcc/arm-eabi/4.3.3/../../../../arm-eabi/lib/thumb/ds_arm9_crt0.o (initSystem)
/opt/devkitPro/libnds/lib/libnds9.a(sprite.o)
                              sprites.o (oamMain)
/opt/devkitPro/libnds/lib/libnds9.a(sprite_alloc.o)
                              /opt/devkitPro/libnds/lib/libnds9.a(sprite.o) (oamAllocReset)
/opt/devkitPro/libnds/lib/libnds9.a(system.o)
                              main.o (powerOn)
/opt/devkitPro/libnds/lib/libnds9.a(touch.o)
                              keypad_screen.o (touchRead)
/opt/devkitPro/libnds/lib/libnds9.a(trig.o)
                              /opt/devkitPro/libnds/lib/libnds9.a(sprite.o) (sinLerp)
/opt/devkitPro/libnds/lib/libnds9.a(video.o)
                              backgrounds.o (vramSetMainBanks)
/opt/devkitPro/libnds/lib/libnds9.a(fifosystem.o)
                              /opt/devkitPro/libnds/lib/libnds9.a(initSystem.o) (fifoSetValue32Handler)
/opt/devkitPro/libnds/lib/libnds9.a(interrupts.o)
                              controllers.o (irqSet)
/opt/devkitPro/libnds/lib/libnds9.a(dcache.o)
                              /opt/devkitPro/libnds/lib/libnds9.a(sprite.o) (DC_FlushRange)
/opt/devkitPro/libnds/lib/libnds9.a(biosCalls.o)
                              /opt/devkitPro/libnds/lib/libnds9.a(system.o) (swiDelay)
/opt/devkitPro/libnds/lib/libnds9.a(debugprint.o)
                              /opt/devkitPro/libnds/lib/libnds9.a(console.o) (nocashMessage)
/opt/devkitPro/libnds/lib/libnds9.a(interruptDispatcher.o)
                              /opt/devkitPro/libnds/lib/libnds9.a(interrupts.o) (IntrMain)
/opt/devkitPro/libnds/lib/libnds9.a(default_font.bin.o)
                              /opt/devkitPro/libnds/lib/libnds9.a(console.o) (default_font_bin)
/opt/devkitPro/libnds/lib/libnds9.a(background.o)
                              /opt/devkitPro/libnds/lib/libnds9.a(console.o) (bgState)
/opt/devkitPro/devkitARM/lib/gcc/arm-eabi/4.3.3/thumb/libgcc.a(_divsi3.o)
                              timers.o (__aeabi_idiv)
/opt/devkitPro/devkitARM/lib/gcc/arm-eabi/4.3.3/thumb/libgcc.a(_dvmd_tls.o)
                              /opt/devkitPro/devkitARM/lib/gcc/arm-eabi/4.3.3/thumb/libgcc.a(_divsi3.o) (__div0)
/opt/devkitPro/devkitARM/lib/gcc/arm-eabi/4.3.3/../../../../arm-eabi/lib/thumb/libg.a(lib_a-bsearch.o)
                              /opt/devkitPro/libnds/lib/libnds9.a(trig.o) (bsearch)
/opt/devkitPro/devkitARM/lib/gcc/arm-eabi/4.3.3/../../../../arm-eabi/lib/thumb/libg.a(lib_a-impure.o)
                              /opt/devkitPro/libnds/lib/libnds9.a(console.o) (_impure_ptr)
/opt/devkitPro/devkitARM/lib/gcc/arm-eabi/4.3.3/../../../../arm-eabi/lib/thumb/libg.a(lib_a-init.o)
                              /opt/devkitPro/devkitARM/lib/gcc/arm-eabi/4.3.3/../../../../arm-eabi/lib/thumb/ds_arm9_crt0.o (__libc_init_array)
/opt/devkitPro/devkitARM/lib/gcc/arm-eabi/4.3.3/../../../../arm-eabi/lib/thumb/libg.a(lib_a-iprintf.o)
                              functions.o (iprintf)
/opt/devkitPro/devkitARM/lib/gcc/arm-eabi/4.3.3/../../../../arm-eabi/lib/thumb/libg.a(lib_a-malloc.o)
                              /opt/devkitPro/libnds/lib/libnds9.a(sprite_alloc.o) (malloc)
/opt/devkitPro/devkitARM/lib/gcc/arm-eabi/4.3.3/../../../../arm-eabi/lib/thumb/libg.a(lib_a-mallocr.o)
                              /opt/devkitPro/devkitARM/lib/gcc/arm-eabi/4.3.3/../../../../arm-eabi/lib/thumb/libg.a(lib_a-malloc.o) (_malloc_r)
/opt/devkitPro/devkitARM/lib/gcc/arm-eabi/4.3.3/../../../../arm-eabi/lib/thumb/libg.a(lib_a-memcpy.o)
                              /opt/devkitPro/libnds/lib/libnds9.a(console.o) (memcpy)
/opt/devkitPro/devkitARM/lib/gcc/arm-eabi/4.3.3/../../../../arm-eabi/lib/thumb/libg.a(lib_a-memset.o)
                              /opt/devkitPro/libnds/lib/libnds9.a(background.o) (memset)
/opt/devkitPro/devkitARM/lib/gcc/arm-eabi/4.3.3/../../../../arm-eabi/lib/thumb/libg.a(lib_a-mlock.o)
                              /opt/devkitPro/devkitARM/lib/gcc/arm-eabi/4.3.3/../../../../arm-eabi/lib/thumb/libg.a(lib_a-mallocr.o) (__malloc_lock)
/opt/devkitPro/devkitARM/lib/gcc/arm-eabi/4.3.3/../../../../arm-eabi/lib/thumb/libg.a(lib_a-rand.o)
                              main.o (srand)
/opt/devkitPro/devkitARM/lib/gcc/arm-eabi/4.3.3/../../../../arm-eabi/lib/thumb/libg.a(lib_a-realloc.o)
                              /opt/devkitPro/libnds/lib/libnds9.a(sprite_alloc.o) (realloc)
/opt/devkitPro/devkitARM/lib/gcc/arm-eabi/4.3.3/../../../../arm-eabi/lib/thumb/libg.a(lib_a-reallocr.o)
                              /opt/devkitPro/devkitARM/lib/gcc/arm-eabi/4.3.3/../../../../arm-eabi/lib/thumb/libg.a(lib_a-realloc.o) (_realloc_r)
/opt/devkitPro/devkitARM/lib/gcc/arm-eabi/4.3.3/../../../../arm-eabi/lib/thumb/libg.a(lib_a-setvbuf.o)
[...]
Memory Configuration

Name             Origin             Length             Attributes
rom              0x08000000         0x02000000
ewram            0x02000000         0x003ff000
dtcm             0x0b000000         0x00004000
vectors          0x01000000         0x00000100
itcm             0x01000100         0x00007f00
*default*        0x00000000         0xffffffff

Linker script and memory map

                0x01000000                __vectors_start = 0x1000000
                0x01000100                __itcm_start = 0x1000100
                0x023ff000                __ewram_end = 0x23ff000
                0x023ff000                __eheap_end = 0x23ff000
                0x0b000000                __dtcm_start = 0xb000000
                0x0b004000                __dtcm_top = 0xb004000
                0x0b003ff8                __irq_flags = (__dtcm_top - 0x8)
                0x0b003ffc                __irq_vector = (__dtcm_top - 0x4)
                0x0b003f00                __sp_svc = (__dtcm_top - 0x100)
                0x0b003e00                __sp_irq = (__sp_svc - 0x100)
                0x0b003d00                __sp_usr = (__sp_irq - 0x100)

.init           0x02000000      0x30c
                0x02000000                __text_start = .
 *(.init)
 .init          0x02000000      0x300 /opt/devkitPro/devkitARM/lib/gcc/arm-eabi/4.3.3/../../../../arm-eabi/lib/thumb/ds_arm9_crt0.o
                0x02000000                _start
 .init          0x02000300        0x4 /opt/devkitPro/devkitARM/lib/gcc/arm-eabi/4.3.3/thumb/crti.o
                0x02000300                _init
 .init          0x02000304        0x8 /opt/devkitPro/devkitARM/lib/gcc/arm-eabi/4.3.3/thumb/crtn.o
                0x0200030c                . = ALIGN (0x4)

.plt
 *(.plt)

.text           0x02000310     0xb478
 *(EXCLUDE_FILE(*.itcm*) .text)
 .text          0x02000310        0x0 /opt/devkitPro/devkitARM/lib/gcc/arm-eabi/4.3.3/../../../../arm-eabi/lib/thumb/ds_arm9_crt0.o
 .text          0x02000310        0x0 /opt/devkitPro/devkitARM/lib/gcc/arm-eabi/4.3.3/thumb/crti.o
 .text          0x02000310       0x70 /opt/devkitPro/devkitARM/lib/gcc/arm-eabi/4.3.3/thumb/crtbegin.o
 .text          0x02000380        0x0 soundbank.bin.o
 .text          0x02000380        0x0 b00.o
 .text          0x02000380        0x0 b01.o
 .text          0x02000380        0x0 b02.o
 .text          0x02000380        0x0 b03.o
 .text          0x02000380        0x0 b04.o
 .text          0x02000380        0x0 b05.o
 .text          0x02000380        0x0 b06.o
 .text          0x02000380        0x0 b07.o
 .text          0x02000380        0x0 b08.o
 .text          0x02000380        0x0 b09.o
 .text          0x02000380        0x0 b10.o
 .text          0x02000380        0x0 backstars00.o
 .text          0x02000380        0x0 backstars01.o
 .text          0x02000380        0x0 backstars02.o
 .text          0x02000380        0x0 backstars03.o
 .text          0x02000380        0x0 backstars04.o
 .text          0x02000380        0x0 backstars05.o
 .text          0x02000380        0x0 backstars06.o
 .text          0x02000380        0x0 backstars07.o
 .text          0x02000380        0x0 backstars08.o
 .text          0x02000380        0x0 backstars09.o
 .text          0x02000380        0x0 backstars10.o
 .text          0x02000380        0x0 backstars11.o
 .text          0x02000380        0x0 backstars12.o
 .text          0x02000380        0x0 backstars13.o
 .text          0x02000380        0x0 backstars14.o
 .text          0x02000380        0x0 backstars15.o
 .text          0x02000380        0x0 backstars16.o
 .text          0x02000380        0x0 backstars17.o
 .text          0x02000380        0x0 backstars18.o
 .text          0x02000380        0x0 backstars19.o
 .text          0x02000380        0x0 backstars20.o
 .text          0x02000380        0x0 backstars21.o
 .text          0x02000380        0x0 exit1.o
 .text          0x02000380        0x0 exit2.o
 .text          0x02000380        0x0 options1.o
 .text          0x02000380        0x0 options2.o
 .text          0x02000380        0x0 pause1.o
 .text          0x02000380        0x0 pause2.o
 .text          0x02000380        0x0 play1.o
 .text          0x02000380        0x0 play2.o
 .text          0x02000380      0x86c backgrounds.o
                0x02000440                display_backstars04
                0x02000ad0                display_pause1
                0x020009b0                display_play1
                0x020005c0                display_backstars12
                0x02000a10                display_options1
                0x020008c0                display_b06
                0x020005f0                display_backstars13
                0x020008f0                display_b07
                0x020003e0                display_backstars02
                0x02000560                display_backstars10
                0x02000500                display_backstars08
                0x02000b30                init_background
                0x02000aa0                display_exit2
                0x02000890                display_b05
                0x020009e0                display_play2
                0x020007a0                display_b00
                0x020006b0                display_backstars17
                0x02000740                display_backstars20
                0x02000b00                display_pause2
                0x02000950                display_b09
                0x02000470                display_backstars05
                0x02000380                display_backstars00
                0x02000860                display_b04
                0x02000770                display_backstars21
                0x02000bb0                init_video
                0x02000680                display_backstars16
                0x02000a70                display_exit1
                0x020004a0                display_backstars06
                0x020003b0                display_backstars01
                0x02000a40                display_options2
                0x020006e0                display_backstars18
                0x02000530                display_backstars09
                0x02000980                display_b10
                0x020004d0                display_backstars07
                0x02000800                display_b02
                0x020007d0                display_b01
                0x02000710                display_backstars19
                0x02000650                display_backstars15
                0x02000920                display_b08
                0x02000410                display_backstars03
                0x02000620                display_backstars14
                0x02000590                display_backstars11
                0x02000830                display_b03
 .text          0x02000bec       0xc8 controllers.o
                0x02000c10                configure_control_registers
                0x02000c40                define_interrupt_vector_table
                0x02000c64                interrupts_setting
                0x02000c3c                disable_interrupts
                0x02000bec                enable_interrupts
 .text          0x02000cb4      0xd64 functions.o
                0x02000ec4                loseHeart
                0x02000d80                collision
                0x0200139c                projectile_animation
                0x02001038                clearStatistics
                0x02000e68                addPoints
                0x020012f8                showProjectiles
                0x02001504                background
                0x02001338                displayHearts
                0x02001360                laser_cannon_break_animation
                0x02001270                pausa
                0x0200100c                hideAliens
                0x02000e30                alienReachEarth
                0x020015f8                menu_animation
                0x02000d34                enemyShoot
                0x02001990                pressedKeyPolling
                0x02001910                pressedKeyInterrupting
                0x02000ee0                removeEnemyProjectile
                0x020011ac                printScore
                0x02000e9c                removeHearts
                0x020011f4                spawnLaserCannon
                0x02000cf0                shoot
                0x02000fa8                removeAlien
                0x02000f44                removeProjectile
                0x02000fe8                removeAllAliens
                0x02000f18                hideEnemyProjectiles
                0x020014cc                resume
                0x02000f7c                hideProjectiles
                0x02000de4                enemyCollision
                0x0200155c                backstars
                0x020013d0                alien_animation
                0x020011d0                printCountdown
                0x02001490                showAliens
                0x02001718                generateNPC
                0x02001224                moveLaserCannon
                0x020012b8                showEnemyProjectiles
                0x0200114c                printEndReason
                0x0200167c                getRandomAlien
                0x02001838                setUpGame
                0x020016a8                enemyShootDelay
                0x0200165c                randomNum
                0x020010b8                printStatistics
                0x02000cb4                chooseAlien
 .text          0x02001a18      0x1ec keypad_screen.o
                0x02001a18                pressed_key_value
                0x02001bb8                getY
                0x02001be0                is_the_screen_touched
                0x02001ac8                keypad_handler
                0x02001bcc                getX
 .text          0x02001c04      0x3e8 main.o
                0x02001c04                main
 .text          0x02001fec      0xeac sprites.o
                0x02002a18                display_bi_bi_2
                0x02002bf4                display_broken_laser_cannon_2
                0x02002554                remove_enemy_projectile
                0x02002978                display_blu_blu_2
                0x020028d8                display_reddy_2
                0x02002a68                display_bi_bi_1
                0x02002500                display_heart
                0x02002928                display_reddy_1
                0x02002798                display_crabby_2
                0x02002b58                display_crab_alien
                0x02002460                display_pausa_sprite
                0x02002650                display_projectile_reverse
                0x02002748                display_alien_collision
                0x02002ab8                display_glu_glu_2
                0x020020d8                set_secondary_palette
                0x02002414                remove_pausa_sprite
                0x020029c8                display_blu_blu_1
                0x02002c40                display_broken_laser_cannon_1
                0x020027e8                display_crabby_1
                0x02002838                display_bli_bli_2
                0x020026f8                remove_crab_alien
                0x020024ac                remove_heart
                0x02002b08                display_glu_glu_1
                0x020025fc                remove_projectile
                0x02002cd8                init_sprite_memory
                0x020026a4                display_projectile
                0x02001fec                set_main_palette
                0x020025a8                display_enemy_projectile_1
                0x02002c8c                display_laser_cannon
                0x02002100                alloc_sprites_in_memory
                0x02002888                display_bli_bli_1
                0x02002ba8                remove_laser_cannon
 .text          0x02002e98      0x4b0 timers.o
                0x02002ee4                animate_collisions
                0x020031d0                timer_handler
                0x02003080                moveAliens
                0x02002f50                moveEnemyProjectiles
                0x02002e98                increaseSpeed
                0x02002fc4                moveProjectiles
 .text          0x02003348      0xa28 /opt/devkitPro/libnds/lib/libnds9.a(console.o)
                0x02003a78                con_write
                0x02003348                consoleGetDefault
                0x020038cc                consoleInit
                0x02003820                consoleSetFont
                0x02003d40                nocash_write
                0x020033fc                consolePrintChar
                0x0200386c                consoleClear
                0x02003844                consoleSetWindow
                0x02003350                consoleSelect
                0x02003a3c                consoleDemoInit
                0x020035a8                consoleLoadFont
                0x02003880                consoleDebugInit
 .text          0x02003d70       0xec /opt/devkitPro/libnds/lib/libnds9.a(initSystem.o)
                0x02003d70                initSystem
 .text          0x02003e5c      0x484 /opt/devkitPro/libnds/lib/libnds9.a(sprite.o)
                0x02003e5c                oamDisable
                0x02003ee4                oamClear
                0x02004110                oamRotateScale
                0x02003eb0                oamGetGfxPtr
                0x02003e8c                oamEnable
                0x02003f0c                oamGfxPtrToOffset
                0x02004170                oamUpdate
                0x020041d4                oamInit
                0x02003f44                oamSet
 .text          0x020042e0      0x364 /opt/devkitPro/libnds/lib/libnds9.a(sprite_alloc.o)
                0x0200431c                oamCountFragments
                0x020042e0                resizeBuffer
                0x02004458                oamAllocReset
                0x020042fc                getAllocHeader
                0x02004444                oamFreeGfx
                0x02004490                simpleAlloc
                0x0200460c                oamAllocateGfx
                0x02004368                simpleFree
 .text          0x02004644       0xf4 /opt/devkitPro/libnds/lib/libnds9.a(system.o)
                0x020046f4                systemMsgHandler
                0x0200468c                powerOn
                0x020046dc                powerValueHandler
                0x02004644                ledBlink
                0x020046c0                systemSleep
                0x0200465c                powerOff
 .text          0x02004738       0x4c /opt/devkitPro/libnds/lib/libnds9.a(touch.o)
                0x02004738                touchRead
                0x02004760                touchReadXY
 .text          0x02004784      0x264 /opt/devkitPro/libnds/lib/libnds9.a(trig.o)
                0x0200491c                arcSinComp
                0x0200494c                asinLerp
                0x020048dc                tanLerp
                0x02004784                sinLutLookup
                0x02004890                tanLutLookup
                0x02004874                cosLerp
                0x020049cc                acosLerp
                0x020047d4                sinLerp
 .text          0x020049e8      0x144 /opt/devkitPro/libnds/lib/libnds9.a(video.o)
                0x02004a9c                vramSetBankF
                0x02004a2c                vramRestoreMainBanks
                0x02004ac4                vramSetBankH
                0x02004a74                vramSetBankD
                0x02004a88                vramSetBankE
                0x02004aec                setBrightness
                0x02004ab0                vramSetBankG
                0x02004a4c                vramSetBankB
                0x02004a60                vramSetBankC
                0x02004ad8                vramSetBankI
                0x020049e8                vramSetMainBanks
                0x02004a38                vramSetBankA
 .text          0x02004b2c     0x18b8 /opt/devkitPro/libnds/lib/libnds9.a(fifosystem.o)
                0x02005ac8                fifoInternalRecvPopFirst
                0x02004bb4                fifoCheckValue32
                0x02004cc4                fifoCheckDatamsgLength
                0x020054bc                fifoGetLostWordCount
                0x0200542c                fifoGetBufferUsage
                0x0200618c                fifoSendValue32
                0x0200609c                fifoInternalSend
                0x02005194                fifoGetDatamsg
                0x02004fac                fifoGetValue32
                0x02004dc4                fifoGetAddress
                0x02004d54                fifoCountDatamsg
                0x020050fc                fifoForceValue32Handler
                0x02004c3c                fifoCheckDatamsg
                0x02005a68                fifoInternalRecvPeek
                0x02005fbc                fifoInternalAllocFreeBlock
                0x02004f84                fifoSetAddressHandler
                0x02005a28                fifoInternalProtect
                0x02005370                fifoForceDatamsgHandler
                0x02005ed0                fifoInternalSendEnqueue
                0x02006134                fifoSendDatamsg
                0x02005d08                fifoInternalSendEmpty
                0x02005e54                fifoInternalSendInterrupt
                0x020061d4                fifoSendAddress
                0x02005d18                fifoInternalSendDeque
                0x020054c8                fifoInternalRecvInterrupt
                0x02004b2c                fifoCheckAddress
                0x02006010                fifoInternalFreeCheck
                0x02005b9c                fifoInternalRecvWordCount
                0x02005c1c                fifoInternalRecvPushBack
                0x02005a44                fifoInternalUnprotect
                0x02004f14                fifoForceAddressHandler
                0x0200516c                fifoSetValue32Handler
                0x02005dec                fifoInternalBeginSend
                0x02006210                fifoInit
                0x02005404                fifoSetDatamsgHandler
                0x02005fec                fifoInternalFreeBlock
 .text          0x020063e4      0x1a8 /opt/devkitPro/libnds/lib/libnds9.a(interrupts.o)
                0x020064c4                irqEnable
                0x020063e8                irqSet
                0x02006510                irqDisable
                0x02006448                irqInit
                0x020063e4                irqDummy
                0x02006494                irqInitHandler
                0x0200655c                irqClear
 .text          0x0200658c       0x70 /opt/devkitPro/libnds/lib/libnds9.a(dcache.o)
                0x0200658c                DC_FlushAll
                0x020065b8                DC_FlushRange
                0x020065e0                DC_InvalidateRange
                0x020065d4                DC_InvalidateAll
 *fill*         0x020065fc        0x4 ff
 .text          0x02006600       0x70 /opt/devkitPro/libnds/lib/libnds9.a(biosCalls.o)
                0x02006610                swiSleep
                0x0200664a                swiDecompressLZSSVram
                0x02006632                swiFastCopy
                0x02006636                swiSqrt
                0x02006600                swiSoftReset
                0x0200663a                swiCRC16
                0x0200664e                swiDecompressHuffman
                0x02006666                swiSetHaltCR
                0x0200661c                swiRemainder
                0x02006642                swiUnpackBits
                0x02006646                swiDecompressLZSSWram
                0x02006662                swiDecodeDelta16
                0x02006604                swiDelay
                0x02006622                swiDivMod
                0x02006656                swiDecompressRLEVram
                0x02006652                swiDecompressRLEWram
                0x0200665e                swiDecodeDelta8
                0x02006618                swiDivide
                0x02006614                swiChangeSoundBias
                0x0200660c                swiWaitForVBlank
                0x02006608                swiIntrWait
                0x0200663e                swiIsDebugger
                0x0200665a                swiWaitForIRQ
                0x0200662e                swiCopy
 .text          0x02006670       0x98 /opt/devkitPro/libnds/lib/libnds9.a(debugprint.o)
                0x02006670                nocashMessage
 .text          0x02006708        0x0 /opt/devkitPro/libnds/lib/libnds9.a(interruptDispatcher.o)
 .text          0x02006708        0x0 /opt/devkitPro/libnds/lib/libnds9.a(default_font.bin.o)
 .text          0x02006708      0x320 /opt/devkitPro/libnds/lib/libnds9.a(background.o)
                0x02006764                bgUpdate
                0x02006958                bgInit_call
                0x02006714                checkIfText
                0x0200685c                bgInitSub_call
                0x02006708                bgIsText
 .text          0x02006a28       0xa4 /opt/devkitPro/devkitARM/lib/gcc/arm-eabi/4.3.3/thumb/libgcc.a(_divsi3.o)
                0x02006a28                __aeabi_idiv
                0x02006a28                __divsi3
                0x02006abc                __aeabi_idivmod
 .text          0x02006acc        0x4 /opt/devkitPro/devkitARM/lib/gcc/arm-eabi/4.3.3/thumb/libgcc.a(_dvmd_tls.o)
                0x02006acc                __aeabi_ldiv0
                0x02006acc                __div0
                0x02006acc                __aeabi_idiv0
 .text          0x02006ad0       0x5c /opt/devkitPro/devkitARM/lib/gcc/arm-eabi/4.3.3/../../../../arm-eabi/lib/thumb/libg.a(lib_a-bsearch.o)
                0x02006ad0                bsearch
 .text          0x02006b2c        0x0 /opt/devkitPro/devkitARM/lib/gcc/arm-eabi/4.3.3/../../../../arm-eabi/lib/thumb/libg.a(lib_a-impure.o)
 .text          0x02006b2c       0x88 /opt/devkitPro/devkitARM/lib/gcc/arm-eabi/4.3.3/../../../../arm-eabi/lib/thumb/libg.a(lib_a-init.o)
                0x02006b5c                __libc_init_array
                0x02006b2c                __libc_fini_array
 .text          0x02006bb4       0x3c /opt/devkitPro/devkitARM/lib/gcc/arm-eabi/4.3.3/../../../../arm-eabi/lib/thumb/libg.a(lib_a-iprintf.o)
                0x02006bb4                _iprintf_r
                0x02006bcc                iprintf
 .text          0x02006bf0       0x30 /opt/devkitPro/devkitARM/lib/gcc/arm-eabi/4.3.3/../../../../arm-eabi/lib/thumb/libg.a(lib_a-malloc.o)
                0x02006c08                malloc
                0x02006bf0                free
 .text          0x02006c20      0x510 /opt/devkitPro/devkitARM/lib/gcc/arm-eabi/4.3.3/../../../../arm-eabi/lib/thumb/libg.a(lib_a-mallocr.o)
                0x02006c20                _malloc_r
 .text          0x02007130       0x88 /opt/devkitPro/devkitARM/lib/gcc/arm-eabi/4.3.3/../../../../arm-eabi/lib/thumb/libg.a(lib_a-memcpy.o)
                0x02007130                memcpy
 .text          0x020071b8       0xb0 /opt/devkitPro/devkitARM/lib/gcc/arm-eabi/4.3.3/../../../../arm-eabi/lib/thumb/libg.a(lib_a-memset.o)
                0x020071b8                memset
 .text          0x02007268        0x8 /opt/devkitPro/devkitARM/lib/gcc/arm-eabi/4.3.3/../../../../arm-eabi/lib/thumb/libg.a(lib_a-mlock.o)
                0x0200726c                __malloc_unlock
                0x02007268                __malloc_lock
 .text          0x02007270       0x58 /opt/devkitPro/devkitARM/lib/gcc/arm-eabi/4.3.3/../../../../arm-eabi/lib/thumb/libg.a(lib_a-rand.o)
                0x02007284                rand
                0x02007270                srand
 .text          0x020072c8       0x1c /opt/devkitPro/devkitARM/lib/gcc/arm-eabi/4.3.3/../../../../arm-eabi/lib/thumb/libg.a(lib_a-realloc.o)
                0x020072c8                realloc
 .text          0x020072e4      0x340 /opt/devkitPro/devkitARM/lib/gcc/arm-eabi/4.3.3/../../../../arm-eabi/lib/thumb/libg.a(lib_a-reallocr.o)
                0x020072e4                _realloc_r
 .text          0x02007624      0x114 /opt/devkitPro/devkitARM/lib/gcc/arm-eabi/4.3.3/../../../../arm-eabi/lib/thumb/libg.a(lib_a-setvbuf.o)
                0x02007624                setvbuf
 .text          0x02007738       0xa4 /opt/devkitPro/devkitARM/lib/gcc/arm-eabi/4.3.3/../../../../arm-eabi/lib/thumb/libg.a(lib_a-siscanf.o)
                0x0200773c                _siscanf_r
                0x0200778c                siscanf
 .text          0x020077dc       0x60 /opt/devkitPro/devkitARM/lib/gcc/arm-eabi/4.3.3/../../../../arm-eabi/lib/thumb/libg.a(lib_a-strlen.o)
                0x020077dc                strlen
 .text          0x0200783c      0x8fc /opt/devkitPro/devkitARM/lib/gcc/arm-eabi/4.3.3/../../../../arm-eabi/lib/thumb/libg.a(lib_a-svfiscanf.o)
                0x02007910                __ssvfiscanf_r
 .text          0x02008138       0x34 /opt/devkitPro/devkitARM/lib/gcc/arm-eabi/4.3.3/../../../../arm-eabi/lib/thumb/libg.a(lib_a-time.o)
                0x02008138                time
 .text          0x0200816c      0x1a0 /opt/devkitPro/devkitARM/lib/gcc/arm-eabi/4.3.3/../../../../arm-eabi/lib/thumb/libg.a(lib_a-ungetc.o)
                0x020082f0                ungetc
                0x0200816c                __submore
                0x020081e8                _ungetc_r
 .text          0x0200830c      0xc44 /opt/devkitPro/devkitARM/lib/gcc/arm-eabi/4.3.3/../../../../arm-eabi/lib/thumb/libg.a(lib_a-vfiprintf.o)
                0x02008f2c                vfiprintf
                0x0200832c                _vfiprintf_r
 .text          0x02008f50       0x68 /opt/devkitPro/devkitARM/lib/gcc/arm-eabi/4.3.3/../../../../arm-eabi/lib/thumb/libg.a(lib_a-wcrtomb.o)
                0x02008f50                _wcrtomb_r
                0x02008f94                wcrtomb
 .text          0x02008fb8      0x108 /opt/devkitPro/devkitARM/lib/gcc/arm-eabi/4.3.3/../../../../arm-eabi/lib/thumb/libg.a(lib_a-wcsrtombs.o)
                0x02008fb8                _wcsrtombs_r
                0x02009098                wcsrtombs
 .text          0x020090c0      0x2c8 /opt/devkitPro/devkitARM/lib/gcc/arm-eabi/4.3.3/../../../../arm-eabi/lib/thumb/libg.a(lib_a-wctomb_r.o)
                0x020090c0                _wctomb_r
 .text          0x02009388       0xc8 /opt/devkitPro/devkitARM/lib/gcc/arm-eabi/4.3.3/../../../../arm-eabi/lib/thumb/libg.a(lib_a-wsetup.o)
                0x02009388                __swsetup_r
 .text          0x02009450        0x0 /opt/devkitPro/devkitARM/lib/gcc/arm-eabi/4.3.3/../../../../arm-eabi/lib/thumb/libg.a(lib_a-ctype_.o)
 .text          0x02009450      0x150 /opt/devkitPro/devkitARM/lib/gcc/arm-eabi/4.3.3/../../../../arm-eabi/lib/thumb/libg.a(lib_a-fflush.o)
                0x0200956c                fflush
                0x02009450                _fflush_r
 .text          0x020095a0      0x1f0 /opt/devkitPro/devkitARM/lib/gcc/arm-eabi/4.3.3/../../../../arm-eabi/lib/thumb/libg.a(lib_a-findfp.o)
                0x0200966c                __sinit
                0x020096c8                __sfmoreglue
                0x02009604                _cleanup
                0x020095f0                _cleanup_r
                0x020095d4                __fp_lock_all
                0x020095a0                __sfp_lock_acquire
                0x020096fc                __sfp
                0x020095ac                __sinit_lock_release
                0x020095b8                __fp_unlock_all
                0x020095a4                __sfp_lock_release
                0x020095a8                __sinit_lock_acquire
 .text          0x02009790      0x23c /opt/devkitPro/devkitARM/lib/gcc/arm-eabi/4.3.3/../../../../arm-eabi/lib/thumb/libg.a(lib_a-freer.o)
                0x02009838                _free_r
                0x02009790                _malloc_trim_r
 .text          0x020099cc      0x318 /opt/devkitPro/devkitARM/lib/gcc/arm-eabi/4.3.3/../../../../arm-eabi/lib/thumb/libg.a(lib_a-fvwrite.o)
                0x020099cc                __sfvwrite_r
 .text          0x02009ce4       0xc8 /opt/devkitPro/devkitARM/lib/gcc/arm-eabi/4.3.3/../../../../arm-eabi/lib/thumb/libg.a(lib_a-fwalk.o)
                0x02009d4c                _fwalk
                0x02009ce4                _fwalk_reent
 .text          0x02009dac       0xec /opt/devkitPro/devkitARM/lib/gcc/arm-eabi/4.3.3/../../../../arm-eabi/lib/thumb/libg.a(lib_a-iswspace.o)
                0x02009dac                iswspace
 .text          0x02009e98      0x178 /opt/devkitPro/devkitARM/lib/gcc/arm-eabi/4.3.3/../../../../arm-eabi/lib/thumb/libg.a(lib_a-jp2uc.o)
                0x02009e98                __jp2uc
 .text          0x0200a010      0x28c /opt/devkitPro/devkitARM/lib/gcc/arm-eabi/4.3.3/../../../../arm-eabi/lib/thumb/libg.a(lib_a-locale.o)
                0x0200a02c                _setlocale_r
                0x0200a010                __locale_charset
                0x0200a01c                _localeconv_r
                0x0200a280                setlocale
                0x0200a024                localeconv
 .text          0x0200a29c       0xe8 /opt/devkitPro/devkitARM/lib/gcc/arm-eabi/4.3.3/../../../../arm-eabi/lib/thumb/libg.a(lib_a-makebuf.o)
                0x0200a29c                __smakebuf_r
 .text          0x0200a384       0x70 /opt/devkitPro/devkitARM/lib/gcc/arm-eabi/4.3.3/../../../../arm-eabi/lib/thumb/libg.a(lib_a-mbrtowc.o)
                0x0200a3cc                mbrtowc
                0x0200a384                _mbrtowc_r
 .text          0x0200a3f4      0x69c /opt/devkitPro/devkitARM/lib/gcc/arm-eabi/4.3.3/../../../../arm-eabi/lib/thumb/libg.a(lib_a-mbtowc_r.o)
                0x0200a3f4                _mbtowc_r
 .text          0x0200aa90       0x8c /opt/devkitPro/devkitARM/lib/gcc/arm-eabi/4.3.3/../../../../arm-eabi/lib/thumb/libg.a(lib_a-memchr.o)
                0x0200aa90                memchr
 .text          0x0200ab1c       0xb0 /opt/devkitPro/devkitARM/lib/gcc/arm-eabi/4.3.3/../../../../arm-eabi/lib/thumb/libg.a(lib_a-memmove.o)
                0x0200ab1c                memmove
 .text          0x0200abcc       0x78 /opt/devkitPro/devkitARM/lib/gcc/arm-eabi/4.3.3/../../../../arm-eabi/lib/thumb/libg.a(lib_a-sccl.o)
                0x0200abcc                __sccl
 .text          0x0200ac44       0xb8 /opt/devkitPro/devkitARM/lib/gcc/arm-eabi/4.3.3/../../../../arm-eabi/lib/thumb/libg.a(lib_a-stdio.o)
                0x0200ac58                __sseek
                0x0200accc                __sread
                0x0200ac44                __sclose
                0x0200ac8c                __swrite
 .text          0x0200acfc       0x5c /opt/devkitPro/devkitARM/lib/gcc/arm-eabi/4.3.3/../../../../arm-eabi/lib/thumb/libg.a(lib_a-strcmp.o)
                0x0200acfc                strcmp
 .text          0x0200ad58       0x48 /opt/devkitPro/devkitARM/lib/gcc/arm-eabi/4.3.3/../../../../arm-eabi/lib/thumb/libg.a(lib_a-strcpy.o)
                0x0200ad58                strcpy
 .text          0x0200ada0      0x18c /opt/devkitPro/devkitARM/lib/gcc/arm-eabi/4.3.3/../../../../arm-eabi/lib/thumb/libg.a(lib_a-strtol.o)
                0x0200af08                strtol
                0x0200ada0                _strtol_r
 .text          0x0200af2c      0x190 /opt/devkitPro/devkitARM/lib/gcc/arm-eabi/4.3.3/../../../../arm-eabi/lib/thumb/libg.a(lib_a-strtoul.o)
                0x0200b098                strtoul
                0x0200af2c                _strtoul_r
 .text          0x0200b0bc       0xc0 /opt/devkitPro/devkitARM/lib/gcc/arm-eabi/4.3.3/../../../../arm-eabi/lib/thumb/libg.a(lib_a-fclose.o)
                0x0200b0bc                _fclose_r
                0x0200b160                fclose
 .text          0x0200b17c      0x134 /opt/devkitPro/devkitARM/lib/gcc/arm-eabi/4.3.3/../../../../arm-eabi/lib/thumb/libsysbase.a(iosupport.o)
                0x0200b28c                RemoveDevice
                0x0200b17c                setDefaultDevice
                0x0200b190                AddDevice
                0x0200b26c                GetDeviceOpTab
                0x0200b208                FindDevice
 .text          0x0200b2b0       0x54 /opt/devkitPro/devkitARM/lib/gcc/arm-eabi/4.3.3/../../../../arm-eabi/lib/thumb/libsysbase.a(close.o)
                0x0200b2b0                _close_r
 .text          0x0200b304       0x5c /opt/devkitPro/devkitARM/lib/gcc/arm-eabi/4.3.3/../../../../arm-eabi/lib/thumb/libsysbase.a(fstat.o)
                0x0200b304                _fstat_r
 .text          0x0200b360        0x4 /opt/devkitPro/devkitARM/lib/gcc/arm-eabi/4.3.3/../../../../arm-eabi/lib/thumb/libsysbase.a(isatty.o)
                0x0200b360                _isatty_r
 .text          0x0200b364       0x54 /opt/devkitPro/devkitARM/lib/gcc/arm-eabi/4.3.3/../../../../arm-eabi/lib/thumb/libsysbase.a(lseek.o)
                0x0200b364                _lseek_r
 .text          0x0200b3b8       0x54 /opt/devkitPro/devkitARM/lib/gcc/arm-eabi/4.3.3/../../../../arm-eabi/lib/thumb/libsysbase.a(read.o)
                0x0200b3b8                _read_r
 .text          0x0200b40c       0x54 /opt/devkitPro/devkitARM/lib/gcc/arm-eabi/4.3.3/../../../../arm-eabi/lib/thumb/libsysbase.a(sbrk.o)
                0x0200b40c                _sbrk_r
 .text          0x0200b460       0x4c /opt/devkitPro/devkitARM/lib/gcc/arm-eabi/4.3.3/../../../../arm-eabi/lib/thumb/libsysbase.a(times.o)
                0x0200b468                _gettimeofday_r
                0x0200b460                _times_r
                0x0200b494                _times
 .text          0x0200b4ac       0x54 /opt/devkitPro/devkitARM/lib/gcc/arm-eabi/4.3.3/../../../../arm-eabi/lib/thumb/libsysbase.a(write.o)
                0x0200b4ac                _write_r
 .text          0x0200b500        0x0 /opt/devkitPro/devkitARM/lib/gcc/arm-eabi/4.3.3/../../../../arm-eabi/lib/thumb/libsysbase.a(malloc_vars.o)
 .text          0x0200b500       0x54 /opt/devkitPro/devkitARM/lib/gcc/arm-eabi/4.3.3/../../../../arm-eabi/lib/thumb/libsysbase.a(build_argv.o)
                0x0200b500                build_argv
 .text          0x0200b554       0x90 /opt/devkitPro/devkitARM/lib/gcc/arm-eabi/4.3.3/../../../../arm-eabi/lib/thumb/libsysbase.a(handle_manager.o)
                0x0200b5b4                __release_handle
                0x0200b574                __alloc_handle
                0x0200b554                __get_handle
 .text          0x0200b5e4       0x8c /opt/devkitPro/devkitARM/lib/gcc/arm-eabi/4.3.3/thumb/libgcc.a(_udivsi3.o)
                0x0200b5e4                __udivsi3
                0x0200b5e4                __aeabi_uidiv
                0x0200b660                __aeabi_uidivmod
 .text          0x0200b670       0x70 /opt/devkitPro/devkitARM/lib/gcc/arm-eabi/4.3.3/thumb/libgcc.a(_muldi3.o)
                0x0200b670                __aeabi_lmul
                0x0200b670                __muldi3
 .text          0x0200b6e0        0xc /opt/devkitPro/devkitARM/lib/gcc/arm-eabi/4.3.3/../../../../arm-eabi/lib/thumb/libg.a(lib_a-errno.o)
                0x0200b6e0                __errno
 .text          0x0200b6ec       0x9c /opt/devkitPro/devkitARM/lib/gcc/arm-eabi/4.3.3/../../../../arm-eabi/lib/thumb/libg.a(lib_a-strncmp.o)
                0x0200b6ec                strncmp
 .text          0x0200b788        0x0 /opt/devkitPro/devkitARM/lib/gcc/arm-eabi/4.3.3/thumb/crtend.o
 .text          0x0200b788        0x0 /opt/devkitPro/devkitARM/lib/gcc/arm-eabi/4.3.3/thumb/crtn.o
 *(.text.*)
 *(.stub)
 *(.gnu.warning)
 *(.gnu.linkonce.t*)
 *(.glue_7)
 .glue_7        0x0200b788        0x0 /opt/devkitPro/devkitARM/lib/gcc/arm-eabi/4.3.3/../../../../arm-eabi/lib/thumb/ds_arm9_crt0.o
 .glue_7        0x0200b788        0x0 /opt/devkitPro/devkitARM/lib/gcc/arm-eabi/4.3.3/thumb/crti.o
 .glue_7        0x0200b788        0x0 /opt/devkitPro/devkitARM/lib/gcc/arm-eabi/4.3.3/thumb/crtbegin.o
 .glue_7        0x0200b788        0x0 soundbank.bin.o
 .glue_7        0x0200b788        0x0 b00.o
 .glue_7        0x0200b788        0x0 b01.o
 .glue_7        0x0200b788        0x0 b02.o
 .glue_7        0x0200b788        0x0 b03.o
 .glue_7        0x0200b788        0x0 b04.o
 .glue_7        0x0200b788        0x0 b05.o
 .glue_7        0x0200b788        0x0 b06.o
 .glue_7        0x0200b788        0x0 b07.o
 .glue_7        0x0200b788        0x0 b08.o
 .glue_7        0x0200b788        0x0 b09.o
 .glue_7        0x0200b788        0x0 b10.o
 .glue_7        0x0200b788        0x0 backstars00.o
 .glue_7        0x0200b788        0x0 backstars01.o
 .glue_7        0x0200b788        0x0 backstars02.o
 .glue_7        0x0200b788        0x0 backstars03.o
 .glue_7        0x0200b788        0x0 backstars04.o
 .glue_7        0x0200b788        0x0 backstars05.o
 .glue_7        0x0200b788        0x0 backstars06.o
 .glue_7        0x0200b788        0x0 backstars07.o
 .glue_7        0x0200b788        0x0 backstars08.o
 .glue_7        0x0200b788        0x0 backstars09.o
 .glue_7        0x0200b788        0x0 backstars10.o
 .glue_7        0x0200b788        0x0 backstars11.o
 .glue_7        0x0200b788        0x0 backstars12.o
 .glue_7        0x0200b788        0x0 backstars13.o
 .glue_7        0x0200b788        0x0 backstars14.o
 .glue_7        0x0200b788        0x0 backstars15.o
 .glue_7        0x0200b788        0x0 backstars16.o
 .glue_7        0x0200b788        0x0 backstars17.o
 .glue_7        0x0200b788        0x0 backstars18.o
 .glue_7        0x0200b788        0x0 backstars19.o
 .glue_7        0x0200b788        0x0 backstars20.o
 .glue_7        0x0200b788        0x0 backstars21.o
 .glue_7        0x0200b788        0x0 exit1.o
 .glue_7        0x0200b788        0x0 exit2.o
 .glue_7        0x0200b788        0x0 options1.o
 .glue_7        0x0200b788        0x0 options2.o
 .glue_7        0x0200b788        0x0 pause1.o
 .glue_7        0x0200b788        0x0 pause2.o
 .glue_7        0x0200b788        0x0 play1.o
 .glue_7        0x0200b788        0x0 play2.o
 .glue_7        0x0200b788        0x0 backgrounds.o
 .glue_7        0x0200b788        0x0 controllers.o
 .glue_7        0x0200b788        0x0 functions.o
 .glue_7        0x0200b788        0x0 keypad_screen.o
 .glue_7        0x0200b788        0x0 main.o
 .glue_7        0x0200b788        0x0 sprites.o
 .glue_7        0x0200b788        0x0 timers.o
 .glue_7        0x0200b788        0x0 /opt/devkitPro/libnds/lib/libnds9.a(console.o)
 .glue_7        0x0200b788        0x0 /opt/devkitPro/libnds/lib/libnds9.a(initSystem.o)
 .glue_7        0x0200b788        0x0 /opt/devkitPro/libnds/lib/libnds9.a(sprite.o)
 .glue_7        0x0200b788        0x0 /opt/devkitPro/libnds/lib/libnds9.a(sprite_alloc.o)
 .glue_7        0x0200b788        0x0 /opt/devkitPro/libnds/lib/libnds9.a(system.o)
 .glue_7        0x0200b788        0x0 /opt/devkitPro/libnds/lib/libnds9.a(touch.o)
 .glue_7        0x0200b788        0x0 /opt/devkitPro/libnds/lib/libnds9.a(trig.o)
 .glue_7        0x0200b788        0x0 /opt/devkitPro/libnds/lib/libnds9.a(video.o)
 .glue_7        0x0200b788        0x0 /opt/devkitPro/libnds/lib/libnds9.a(fifosystem.o)
 .glue_7        0x0200b788        0x0 /opt/devkitPro/libnds/lib/libnds9.a(interrupts.o)
 .glue_7        0x0200b788        0x0 /opt/devkitPro/libnds/lib/libnds9.a(dcache.o)
 .glue_7        0x0200b788        0x0 /opt/devkitPro/libnds/lib/libnds9.a(biosCalls.o)
 .glue_7        0x0200b788        0x0 /opt/devkitPro/libnds/lib/libnds9.a(debugprint.o)
 .glue_7        0x0200b788        0x0 /opt/devkitPro/libnds/lib/libnds9.a(interruptDispatcher.o)
 .glue_7        0x0200b788        0x0 /opt/devkitPro/libnds/lib/libnds9.a(default_font.bin.o)
 .glue_7        0x0200b788        0x0 /opt/devkitPro/libnds/lib/libnds9.a(background.o)
 .glue_7        0x0200b788        0x0 /opt/devkitPro/devkitARM/lib/gcc/arm-eabi/4.3.3/thumb/libgcc.a(_divsi3.o)
 .glue_7        0x0200b788        0x0 /opt/devkitPro/devkitARM/lib/gcc/arm-eabi/4.3.3/thumb/libgcc.a(_dvmd_tls.o)
 .glue_7        0x0200b788        0x0 /opt/devkitPro/devkitARM/lib/gcc/arm-eabi/4.3.3/../../../../arm-eabi/lib/thumb/libg.a(lib_a-bsearch.o)
 .glue_7        0x0200b788        0x0 /opt/devkitPro/devkitARM/lib/gcc/arm-eabi/4.3.3/../../../../arm-eabi/lib/thumb/libg.a(lib_a-impure.o)
 .glue_7        0x0200b788        0x0 /opt/devkitPro/devkitARM/lib/gcc/arm-eabi/4.3.3/../../../../arm-eabi/lib/thumb/libg.a(lib_a-init.o)
 .glue_7        0x0200b788        0x0 /opt/devkitPro/devkitARM/lib/gcc/arm-eabi/4.3.3/../../../../arm-eabi/lib/thumb/libg.a(lib_a-iprintf.o)
 .glue_7        0x0200b788        0x0 /opt/devkitPro/devkitARM/lib/gcc/arm-eabi/4.3.3/../../../../arm-eabi/lib/thumb/libg.a(lib_a-malloc.o)
 .glue_7        0x0200b788        0x0 /opt/devkitPro/devkitARM/lib/gcc/arm-eabi/4.3.3/../../../../arm-eabi/lib/thumb/libg.a(lib_a-mallocr.o)
 .glue_7        0x0200b788        0x0 /opt/devkitPro/devkitARM/lib/gcc/arm-eabi/4.3.3/../../../../arm-eabi/lib/thumb/libg.a(lib_a-memcpy.o)
 .glue_7        0x0200b788        0x0 /opt/devkitPro/devkitARM/lib/gcc/arm-eabi/4.3.3/../../../../arm-eabi/lib/thumb/libg.a(lib_a-memset.o)
 .glue_7        0x0200b788        0x0 /opt/devkitPro/devkitARM/lib/gcc/arm-eabi/4.3.3/../../../../arm-eabi/lib/thumb/libg.a(lib_a-mlock.o)
 .glue_7        0x0200b788        0x0 /opt/devkitPro/devkitARM/lib/gcc/arm-eabi/4.3.3/../../../../arm-eabi/lib/thumb/libg.a(lib_a-rand.o)
 .glue_7        0x0200b788        0x0 /opt/devkitPro/devkitARM/lib/gcc/arm-eabi/4.3.3/../../../../arm-eabi/lib/thumb/libg.a(lib_a-realloc.o)
 .glue_7        0x0200b788        0x0 /opt/devkitPro/devkitARM/lib/gcc/arm-eabi/4.3.3/../../../../arm-eabi/lib/thumb/libg.a(lib_a-reallocr.o)
 .glue_7        0x0200b788        0x0 /opt/devkitPro/devkitARM/lib/gcc/arm-eabi/4.3.3/../../../../arm-eabi/lib/thumb/libg.a(lib_a-setvbuf.o)
 .glue_7        0x0200b788        0x0 /opt/devkitPro/devkitARM/lib/gcc/arm-eabi/4.3.3/../../../../arm-eabi/lib/thumb/libg.a(lib_a-siscanf.o)
 .glue_7        0x0200b788        0x0 /opt/devkitPro/devkitARM/lib/gcc/arm-eabi/4.3.3/../../../../arm-eabi/lib/thumb/libg.a(lib_a-strlen.o)
 .glue_7        0x0200b788        0x0 /opt/devkitPro/devkitARM/lib/gcc/arm-eabi/4.3.3/../../../../arm-eabi/lib/thumb/libg.a(lib_a-svfiscanf.o)
 .glue_7        0x0200b788        0x0 /opt/devkitPro/devkitARM/lib/gcc/arm-eabi/4.3.3/../../../../arm-eabi/lib/thumb/libg.a(lib_a-time.o)
 .glue_7        0x0200b788        0x0 /opt/devkitPro/devkitARM/lib/gcc/arm-eabi/4.3.3/../../../../arm-eabi/lib/thumb/libg.a(lib_a-ungetc.o)
 .glue_7        0x0200b788        0x0 /opt/devkitPro/devkitARM/lib/gcc/arm-eabi/4.3.3/../../../../arm-eabi/lib/thumb/libg.a(lib_a-vfiprintf.o)
 .glue_7        0x0200b788        0x0 /opt/devkitPro/devkitARM/lib/gcc/arm-eabi/4.3.3/../../../../arm-eabi/lib/thumb/libg.a(lib_a-wcrtomb.o)
 .glue_7        0x0200b788        0x0 /opt/devkitPro/devkitARM/lib/gcc/arm-eabi/4.3.3/../../../../arm-eabi/lib/thumb/libg.a(lib_a-wcsrtombs.o)
 .glue_7        0x0200b788        0x0 /opt/devkitPro/devkitARM/lib/gcc/arm-eabi/4.3.3/../../../../arm-eabi/lib/thumb/libg.a(lib_a-wctomb_r.o)
 .glue_7        0x0200b788        0x0 /opt/devkitPro/devkitARM/lib/gcc/arm-eabi/4.3.3/../../../../arm-eabi/lib/thumb/libg.a(lib_a-wsetup.o)
 .glue_7        0x0200b788        0x0 /opt/devkitPro/devkitARM/lib/gcc/arm-eabi/4.3.3/../../../../arm-eabi/lib/thumb/libg.a(lib_a-ctype_.o)
 .glue_7        0x0200b788        0x0 /opt/devkitPro/devkitARM/lib/gcc/arm-eabi/4.3.3/../../../../arm-eabi/lib/thumb/libg.a(lib_a-fflush.o)
 .glue_7        0x0200b788        0x0 /opt/devkitPro/devkitARM/lib/gcc/arm-eabi/4.3.3/../../../../arm-eabi/lib/thumb/libg.a(lib_a-findfp.o)
 .glue_7        0x0200b788        0x0 /opt/devkitPro/devkitARM/lib/gcc/arm-eabi/4.3.3/../../../../arm-eabi/lib/thumb/libg.a(lib_a-freer.o)
 .glue_7        0x0200b788        0x0 /opt/devkitPro/devkitARM/lib/gcc/arm-eabi/4.3.3/../../../../arm-eabi/lib/thumb/libg.a(lib_a-fvwrite.o)
 .glue_7        0x0200b788        0x0 /opt/devkitPro/devkitARM/lib/gcc/arm-eabi/4.3.3/../../../../arm-eabi/lib/thumb/libg.a(lib_a-fwalk.o)
 .glue_7        0x0200b788        0x0 /opt/devkitPro/devkitARM/lib/gcc/arm-eabi/4.3.3/../../../../arm-eabi/lib/thumb/libg.a(lib_a-iswspace.o)
 .glue_7        0x0200b788        0x0 /opt/devkitPro/devkitARM/lib/gcc/arm-eabi/4.3.3/../../../../arm-eabi/lib/thumb/libg.a(lib_a-jp2uc.o)
 .glue_7        0x0200b788        0x0 /opt/devkitPro/devkitARM/lib/gcc/arm-eabi/4.3.3/../../../../arm-eabi/lib/thumb/libg.a(lib_a-locale.o)
 .glue_7        0x0200b788        0x0 /opt/devkitPro/devkitARM/lib/gcc/arm-eabi/4.3.3/../../../../arm-eabi/lib/thumb/libg.a(lib_a-makebuf.o)
 .glue_7        0x0200b788        0x0 /opt/devkitPro/devkitARM/lib/gcc/arm-eabi/4.3.3/../../../../arm-eabi/lib/thumb/libg.a(lib_a-mbrtowc.o)
 .glue_7        0x0200b788        0x0 /opt/devkitPro/devkitARM/lib/gcc/arm-eabi/4.3.3/../../../../arm-eabi/lib/thumb/libg.a(lib_a-mbtowc_r.o)
 .glue_7        0x0200b788        0x0 /opt/devkitPro/devkitARM/lib/gcc/arm-eabi/4.3.3/../../../../arm-eabi/lib/thumb/libg.a(lib_a-memchr.o)
 .glue_7        0x0200b788        0x0 /opt/devkitPro/devkitARM/lib/gcc/arm-eabi/4.3.3/../../../../arm-eabi/lib/thumb/libg.a(lib_a-memmove.o)
 .glue_7        0x0200b788        0x0 /opt/devkitPro/devkitARM/lib/gcc/arm-eabi/4.3.3/../../../../arm-eabi/lib/thumb/libg.a(lib_a-sccl.o)
 .glue_7        0x0200b788        0x0 /opt/devkitPro/devkitARM/lib/gcc/arm-eabi/4.3.3/../../../../arm-eabi/lib/thumb/libg.a(lib_a-stdio.o)
 .glue_7        0x0200b788        0x0 /opt/devkitPro/devkitARM/lib/gcc/arm-eabi/4.3.3/../../../../arm-eabi/lib/thumb/libg.a(lib_a-strcmp.o)
 .glue_7        0x0200b788        0x0 /opt/devkitPro/devkitARM/lib/gcc/arm-eabi/4.3.3/../../../../arm-eabi/lib/thumb/libg.a(lib_a-strcpy.o)
 .glue_7        0x0200b788        0x0 /opt/devkitPro/devkitARM/lib/gcc/arm-eabi/4.3.3/../../../../arm-eabi/lib/thumb/libg.a(lib_a-strtol.o)
 .glue_7        0x0200b788        0x0 /opt/devkitPro/devkitARM/lib/gcc/arm-eabi/4.3.3/../../../../arm-eabi/lib/thumb/libg.a(lib_a-strtoul.o)
 .glue_7        0x0200b788        0x0 /opt/devkitPro/devkitARM/lib/gcc/arm-eabi/4.3.3/../../../../arm-eabi/lib/thumb/libg.a(lib_a-fclose.o)
 .glue_7        0x0200b788        0x0 /opt/devkitPro/devkitARM/lib/gcc/arm-eabi/4.3.3/../../../../arm-eabi/lib/thumb/libsysbase.a(iosupport.o)
 .glue_7        0x0200b788        0x0 /opt/devkitPro/devkitARM/lib/gcc/arm-eabi/4.3.3/../../../../arm-eabi/lib/thumb/libsysbase.a(close.o)
 .glue_7        0x0200b788        0x0 /opt/devkitPro/devkitARM/lib/gcc/arm-eabi/4.3.3/../../../../arm-eabi/lib/thumb/libsysbase.a(fstat.o)
 .glue_7        0x0200b788        0x0 /opt/devkitPro/devkitARM/lib/gcc/arm-eabi/4.3.3/../../../../arm-eabi/lib/thumb/libsysbase.a(isatty.o)
 .glue_7        0x0200b788        0x0 /opt/devkitPro/devkitARM/lib/gcc/arm-eabi/4.3.3/../../../../arm-eabi/lib/thumb/libsysbase.a(lseek.o)
 .glue_7        0x0200b788        0x0 /opt/devkitPro/devkitARM/lib/gcc/arm-eabi/4.3.3/../../../../arm-eabi/lib/thumb/libsysbase.a(read.o)
 .glue_7        0x0200b788        0x0 /opt/devkitPro/devkitARM/lib/gcc/arm-eabi/4.3.3/../../../../arm-eabi/lib/thumb/libsysbase.a(sbrk.o)
 .glue_7        0x0200b788        0x0 /opt/devkitPro/devkitARM/lib/gcc/arm-eabi/4.3.3/../../../../arm-eabi/lib/thumb/libsysbase.a(times.o)
 .glue_7        0x0200b788        0x0 /opt/devkitPro/devkitARM/lib/gcc/arm-eabi/4.3.3/../../../../arm-eabi/lib/thumb/libsysbase.a(write.o)
 .glue_7        0x0200b788        0x0 /opt/devkitPro/devkitARM/lib/gcc/arm-eabi/4.3.3/../../../../arm-eabi/lib/thumb/libsysbase.a(malloc_vars.o)
 .glue_7        0x0200b788        0x0 /opt/devkitPro/devkitARM/lib/gcc/arm-eabi/4.3.3/../../../../arm-eabi/lib/thumb/libsysbase.a(build_argv.o)
 .glue_7        0x0200b788        0x0 /opt/devkitPro/devkitARM/lib/gcc/arm-eabi/4.3.3/../../../../arm-eabi/lib/thumb/libsysbase.a(handle_manager.o)
 .glue_7        0x0200b788        0x0 /opt/devkitPro/devkitARM/lib/gcc/arm-eabi/4.3.3/thumb/libgcc.a(_udivsi3.o)
 .glue_7        0x0200b788        0x0 /opt/devkitPro/devkitARM/lib/gcc/arm-eabi/4.3.3/thumb/libgcc.a(_muldi3.o)
 .glue_7        0x0200b788        0x0 /opt/devkitPro/devkitARM/lib/gcc/arm-eabi/4.3.3/../../../../arm-eabi/lib/thumb/libg.a(lib_a-errno.o)
 .glue_7        0x0200b788        0x0 /opt/devkitPro/devkitARM/lib/gcc/arm-eabi/4.3.3/../../../../arm-eabi/lib/thumb/libg.a(lib_a-strncmp.o)
 .glue_7        0x0200b788        0x0 /opt/devkitPro/devkitARM/lib/gcc/arm-eabi/4.3.3/thumb/crtend.o
 .glue_7        0x0200b788        0x0 /opt/devkitPro/devkitARM/lib/gcc/arm-eabi/4.3.3/thumb/crtn.o
 *(.glue_7t)
 .glue_7t       0x0200b788        0x0 /opt/devkitPro/devkitARM/lib/gcc/arm-eabi/4.3.3/../../../../arm-eabi/lib/thumb/ds_arm9_crt0.o
 .glue_7t       0x0200b788        0x0 /opt/devkitPro/devkitARM/lib/gcc/arm-eabi/4.3.3/thumb/crti.o
 .glue_7t       0x0200b788        0x0 /opt/devkitPro/devkitARM/lib/gcc/arm-eabi/4.3.3/thumb/crtbegin.o
 .glue_7t       0x0200b788        0x0 soundbank.bin.o
 .glue_7t       0x0200b788        0x0 b00.o
 .glue_7t       0x0200b788        0x0 b01.o
 .glue_7t       0x0200b788        0x0 b02.o
 .glue_7t       0x0200b788        0x0 b03.o
 .glue_7t       0x0200b788        0x0 b04.o
 .glue_7t       0x0200b788        0x0 b05.o
 .glue_7t       0x0200b788        0x0 b06.o
 .glue_7t       0x0200b788        0x0 b07.o
 .glue_7t       0x0200b788        0x0 b08.o
 .glue_7t       0x0200b788        0x0 b09.o
 .glue_7t       0x0200b788        0x0 b10.o
 .glue_7t       0x0200b788        0x0 backstars00.o
 .glue_7t       0x0200b788        0x0 backstars01.o
 .glue_7t       0x0200b788        0x0 backstars02.o
 .glue_7t       0x0200b788        0x0 backstars03.o
 .glue_7t       0x0200b788        0x0 backstars04.o
 .glue_7t       0x0200b788        0x0 backstars05.o
 .glue_7t       0x0200b788        0x0 backstars06.o
 .glue_7t       0x0200b788        0x0 backstars07.o
 .glue_7t       0x0200b788        0x0 backstars08.o
 .glue_7t       0x0200b788        0x0 backstars09.o
 .glue_7t       0x0200b788        0x0 backstars10.o
 .glue_7t       0x0200b788        0x0 backstars11.o
 .glue_7t       0x0200b788        0x0 backstars12.o
 .glue_7t       0x0200b788        0x0 backstars13.o
 .glue_7t       0x0200b788        0x0 backstars14.o
 .glue_7t       0x0200b788        0x0 backstars15.o
 .glue_7t       0x0200b788        0x0 backstars16.o
 .glue_7t       0x0200b788        0x0 backstars17.o
 .glue_7t       0x0200b788        0x0 backstars18.o
 .glue_7t       0x0200b788        0x0 backstars19.o
 .glue_7t       0x0200b788        0x0 backstars20.o
 .glue_7t       0x0200b788        0x0 backstars21.o
 .glue_7t       0x0200b788        0x0 exit1.o
 .glue_7t       0x0200b788        0x0 exit2.o
 .glue_7t       0x0200b788        0x0 options1.o
 .glue_7t       0x0200b788        0x0 options2.o
 .glue_7t       0x0200b788        0x0 pause1.o
 .glue_7t       0x0200b788        0x0 pause2.o
 .glue_7t       0x0200b788        0x0 play1.o
 .glue_7t       0x0200b788        0x0 play2.o
 .glue_7t       0x0200b788        0x0 backgrounds.o
 .glue_7t       0x0200b788        0x0 controllers.o
 .glue_7t       0x0200b788        0x0 functions.o
 .glue_7t       0x0200b788        0x0 keypad_screen.o
 .glue_7t       0x0200b788        0x0 main.o
 .glue_7t       0x0200b788        0x0 sprites.o
 .glue_7t       0x0200b788        0x0 timers.o
 .glue_7t       0x0200b788        0x0 /opt/devkitPro/libnds/lib/libnds9.a(console.o)
 .glue_7t       0x0200b788        0x0 /opt/devkitPro/libnds/lib/libnds9.a(initSystem.o)
 .glue_7t       0x0200b788        0x0 /opt/devkitPro/libnds/lib/libnds9.a(sprite.o)
 .glue_7t       0x0200b788        0x0 /opt/devkitPro/libnds/lib/libnds9.a(sprite_alloc.o)
 .glue_7t       0x0200b788        0x0 /opt/devkitPro/libnds/lib/libnds9.a(system.o)
 .glue_7t       0x0200b788        0x0 /opt/devkitPro/libnds/lib/libnds9.a(touch.o)
 .glue_7t       0x0200b788        0x0 /opt/devkitPro/libnds/lib/libnds9.a(trig.o)
 .glue_7t       0x0200b788        0x0 /opt/devkitPro/libnds/lib/libnds9.a(video.o)
 .glue_7t       0x0200b788        0x0 /opt/devkitPro/libnds/lib/libnds9.a(fifosystem.o)
 .glue_7t       0x0200b788        0x0 /opt/devkitPro/libnds/lib/libnds9.a(interrupts.o)
 .glue_7t       0x0200b788        0x0 /opt/devkitPro/libnds/lib/libnds9.a(dcache.o)
 .glue_7t       0x0200b788        0x0 /opt/devkitPro/libnds/lib/libnds9.a(biosCalls.o)
 .glue_7t       0x0200b788        0x0 /opt/devkitPro/libnds/lib/libnds9.a(debugprint.o)
 .glue_7t       0x0200b788        0x0 /opt/devkitPro/libnds/lib/libnds9.a(interruptDispatcher.o)
 .glue_7t       0x0200b788        0x0 /opt/devkitPro/libnds/lib/libnds9.a(default_font.bin.o)
 .glue_7t       0x0200b788        0x0 /opt/devkitPro/libnds/lib/libnds9.a(background.o)
 .glue_7t       0x0200b788        0x0 /opt/devkitPro/devkitARM/lib/gcc/arm-eabi/4.3.3/thumb/libgcc.a(_divsi3.o)
 .glue_7t       0x0200b788        0x0 /opt/devkitPro/devkitARM/lib/gcc/arm-eabi/4.3.3/thumb/libgcc.a(_dvmd_tls.o)
 .glue_7t       0x0200b788        0x0 /opt/devkitPro/devkitARM/lib/gcc/arm-eabi/4.3.3/../../../../arm-eabi/lib/thumb/libg.a(lib_a-bsearch.o)
 .glue_7t       0x0200b788        0x0 /opt/devkitPro/devkitARM/lib/gcc/arm-eabi/4.3.3/../../../../arm-eabi/lib/thumb/libg.a(lib_a-impure.o)
 .glue_7t       0x0200b788        0x0 /opt/devkitPro/devkitARM/lib/gcc/arm-eabi/4.3.3/../../../../arm-eabi/lib/thumb/libg.a(lib_a-init.o)
 .glue_7t       0x0200b788        0x0 /opt/devkitPro/devkitARM/lib/gcc/arm-eabi/4.3.3/../../../../arm-eabi/lib/thumb/libg.a(lib_a-iprintf.o)
 .glue_7t       0x0200b788        0x0 /opt/devkitPro/devkitARM/lib/gcc/arm-eabi/4.3.3/../../../../arm-eabi/lib/thumb/libg.a(lib_a-malloc.o)
 .glue_7t       0x0200b788        0x0 /opt/devkitPro/devkitARM/lib/gcc/arm-eabi/4.3.3/../../../../arm-eabi/lib/thumb/libg.a(lib_a-mallocr.o)
 .glue_7t       0x0200b788        0x0 /opt/devkitPro/devkitARM/lib/gcc/arm-eabi/4.3.3/../../../../arm-eabi/lib/thumb/libg.a(lib_a-memcpy.o)
 .glue_7t       0x0200b788        0x0 /opt/devkitPro/devkitARM/lib/gcc/arm-eabi/4.3.3/../../../../arm-eabi/lib/thumb/libg.a(lib_a-memset.o)
 .glue_7t       0x0200b788        0x0 /opt/devkitPro/devkitARM/lib/gcc/arm-eabi/4.3.3/../../../../arm-eabi/lib/thumb/libg.a(lib_a-mlock.o)
 .glue_7t       0x0200b788        0x0 /opt/devkitPro/devkitARM/lib/gcc/arm-eabi/4.3.3/../../../../arm-eabi/lib/thumb/libg.a(lib_a-rand.o)
 .glue_7t       0x0200b788        0x0 /opt/devkitPro/devkitARM/lib/gcc/arm-eabi/4.3.3/../../../../arm-eabi/lib/thumb/libg.a(lib_a-realloc.o)
 .glue_7t       0x0200b788        0x0 /opt/devkitPro/devkitARM/lib/gcc/arm-eabi/4.3.3/../../../../arm-eabi/lib/thumb/libg.a(lib_a-reallocr.o)
 .glue_7t       0x0200b788        0x0 /opt/devkitPro/devkitARM/lib/gcc/arm-eabi/4.3.3/../../../../arm-eabi/lib/thumb/libg.a(lib_a-setvbuf.o)
 .glue_7t       0x0200b788        0x0 /opt/devkitPro/devkitARM/lib/gcc/arm-eabi/4.3.3/../../../../arm-eabi/lib/thumb/libg.a(lib_a-siscanf.o)
 .glue_7t       0x0200b788        0x0 /opt/devkitPro/devkitARM/lib/gcc/arm-eabi/4.3.3/../../../../arm-eabi/lib/thumb/libg.a(lib_a-strlen.o)
 .glue_7t       0x0200b788        0x0 /opt/devkitPro/devkitARM/lib/gcc/arm-eabi/4.3.3/../../../../arm-eabi/lib/thumb/libg.a(lib_a-svfiscanf.o)
 .glue_7t       0x0200b788        0x0 /opt/devkitPro/devkitARM/lib/gcc/arm-eabi/4.3.3/../../../../arm-eabi/lib/thumb/libg.a(lib_a-time.o)
 .glue_7t       0x0200b788        0x0 /opt/devkitPro/devkitARM/lib/gcc/arm-eabi/4.3.3/../../../../arm-eabi/lib/thumb/libg.a(lib_a-ungetc.o)
 .glue_7t       0x0200b788        0x0 /opt/devkitPro/devkitARM/lib/gcc/arm-eabi/4.3.3/../../../../arm-eabi/lib/thumb/libg.a(lib_a-vfiprintf.o)
 .glue_7t       0x0200b788        0x0 /opt/devkitPro/devkitARM/lib/gcc/arm-eabi/4.3.3/../../../../arm-eabi/lib/thumb/libg.a(lib_a-wcrtomb.o)
 .glue_7t       0x0200b788        0x0 /opt/devkitPro/devkitARM/lib/gcc/arm-eabi/4.3.3/../../../../arm-eabi/lib/thumb/libg.a(lib_a-wcsrtombs.o)
 .glue_7t       0x0200b788        0x0 /opt/devkitPro/devkitARM/lib/gcc/arm-eabi/4.3.3/../../../../arm-eabi/lib/thumb/libg.a(lib_a-wctomb_r.o)
 .glue_7t       0x0200b788        0x0 /opt/devkitPro/devkitARM/lib/gcc/arm-eabi/4.3.3/../../../../arm-eabi/lib/thumb/libg.a(lib_a-wsetup.o)
 .glue_7t       0x0200b788        0x0 /opt/devkitPro/devkitARM/lib/gcc/arm-eabi/4.3.3/../../../../arm-eabi/lib/thumb/libg.a(lib_a-ctype_.o)
 .glue_7t       0x0200b788        0x0 /opt/devkitPro/devkitARM/lib/gcc/arm-eabi/4.3.3/../../../../arm-eabi/lib/thumb/libg.a(lib_a-fflush.o)
 .glue_7t       0x0200b788        0x0 /opt/devkitPro/devkitARM/lib/gcc/arm-eabi/4.3.3/../../../../arm-eabi/lib/thumb/libg.a(lib_a-findfp.o)
 .glue_7t       0x0200b788        0x0 /opt/devkitPro/devkitARM/lib/gcc/arm-eabi/4.3.3/../../../../arm-eabi/lib/thumb/libg.a(lib_a-freer.o)
 .glue_7t       0x0200b788        0x0 /opt/devkitPro/devkitARM/lib/gcc/arm-eabi/4.3.3/../../../../arm-eabi/lib/thumb/libg.a(lib_a-fvwrite.o)
 .glue_7t       0x0200b788        0x0 /opt/devkitPro/devkitARM/lib/gcc/arm-eabi/4.3.3/../../../../arm-eabi/lib/thumb/libg.a(lib_a-fwalk.o)
 .glue_7t       0x0200b788        0x0 /opt/devkitPro/devkitARM/lib/gcc/arm-eabi/4.3.3/../../../../arm-eabi/lib/thumb/libg.a(lib_a-iswspace.o)
 .glue_7t       0x0200b788        0x0 /opt/devkitPro/devkitARM/lib/gcc/arm-eabi/4.3.3/../../../../arm-eabi/lib/thumb/libg.a(lib_a-jp2uc.o)
 .glue_7t       0x0200b788        0x0 /opt/devkitPro/devkitARM/lib/gcc/arm-eabi/4.3.3/../../../../arm-eabi/lib/thumb/libg.a(lib_a-locale.o)
 .glue_7t       0x0200b788        0x0 /opt/devkitPro/devkitARM/lib/gcc/arm-eabi/4.3.3/../../../../arm-eabi/lib/thumb/libg.a(lib_a-makebuf.o)
 .glue_7t       0x0200b788        0x0 /opt/devkitPro/devkitARM/lib/gcc/arm-eabi/4.3.3/../../../../arm-eabi/lib/thumb/libg.a(lib_a-mbrtowc.o)
 .glue_7t       0x0200b788        0x0 /opt/devkitPro/devkitARM/lib/gcc/arm-eabi/4.3.3/../../../../arm-eabi/lib/thumb/libg.a(lib_a-mbtowc_r.o)
 .glue_7t       0x0200b788        0x0 /opt/devkitPro/devkitARM/lib/gcc/arm-eabi/4.3.3/../../../../arm-eabi/lib/thumb/libg.a(lib_a-memchr.o)
 .glue_7t       0x0200b788        0x0 /opt/devkitPro/devkitARM/lib/gcc/arm-eabi/4.3.3/../../../../arm-eabi/lib/thumb/libg.a(lib_a-memmove.o)
 .glue_7t       0x0200b788        0x0 /opt/devkitPro/devkitARM/lib/gcc/arm-eabi/4.3.3/../../../../arm-eabi/lib/thumb/libg.a(lib_a-sccl.o)
 .glue_7t       0x0200b788        0x0 /opt/devkitPro/devkitARM/lib/gcc/arm-eabi/4.3.3/../../../../arm-eabi/lib/thumb/libg.a(lib_a-stdio.o)
 .glue_7t       0x0200b788        0x0 /opt/devkitPro/devkitARM/lib/gcc/arm-eabi/4.3.3/../../../../arm-eabi/lib/thumb/libg.a(lib_a-strcmp.o)
 .glue_7t       0x0200b788        0x0 /opt/devkitPro/devkitARM/lib/gcc/arm-eabi/4.3.3/../../../../arm-eabi/lib/thumb/libg.a(lib_a-strcpy.o)
 .glue_7t       0x0200b788        0x0 /opt/devkitPro/devkitARM/lib/gcc/arm-eabi/4.3.3/../../../../arm-eabi/lib/thumb/libg.a(lib_a-strtol.o)
 .glue_7t       0x0200b788        0x0 /opt/devkitPro/devkitARM/lib/gcc/arm-eabi/4.3.3/../../../../arm-eabi/lib/thumb/libg.a(lib_a-strtoul.o)
 .glue_7t       0x0200b788        0x0 /opt/devkitPro/devkitARM/lib/gcc/arm-eabi/4.3.3/../../../../arm-eabi/lib/thumb/libg.a(lib_a-fclose.o)
 .glue_7t       0x0200b788        0x0 /opt/devkitPro/devkitARM/lib/gcc/arm-eabi/4.3.3/../../../../arm-eabi/lib/thumb/libsysbase.a(iosupport.o)
 .glue_7t       0x0200b788        0x0 /opt/devkitPro/devkitARM/lib/gcc/arm-eabi/4.3.3/../../../../arm-eabi/lib/thumb/libsysbase.a(close.o)
 .glue_7t       0x0200b788        0x0 /opt/devkitPro/devkitARM/lib/gcc/arm-eabi/4.3.3/../../../../arm-eabi/lib/thumb/libsysbase.a(fstat.o)
 .glue_7t       0x0200b788        0x0 /opt/devkitPro/devkitARM/lib/gcc/arm-eabi/4.3.3/../../../../arm-eabi/lib/thumb/libsysbase.a(isatty.o)
 .glue_7t       0x0200b788        0x0 /opt/devkitPro/devkitARM/lib/gcc/arm-eabi/4.3.3/../../../../arm-eabi/lib/thumb/libsysbase.a(lseek.o)
 .glue_7t       0x0200b788        0x0 /opt/devkitPro/devkitARM/lib/gcc/arm-eabi/4.3.3/../../../../arm-eabi/lib/thumb/libsysbase.a(read.o)
 .glue_7t       0x0200b788        0x0 /opt/devkitPro/devkitARM/lib/gcc/arm-eabi/4.3.3/../../../../arm-eabi/lib/thumb/libsysbase.a(sbrk.o)
 .glue_7t       0x0200b788        0x0 /opt/devkitPro/devkitARM/lib/gcc/arm-eabi/4.3.3/../../../../arm-eabi/lib/thumb/libsysbase.a(times.o)
 .glue_7t       0x0200b788        0x0 /opt/devkitPro/devkitARM/lib/gcc/arm-eabi/4.3.3/../../../../arm-eabi/lib/thumb/libsysbase.a(write.o)
 .glue_7t       0x0200b788        0x0 /opt/devkitPro/devkitARM/lib/gcc/arm-eabi/4.3.3/../../../../arm-eabi/lib/thumb/libsysbase.a(malloc_vars.o)
 .glue_7t       0x0200b788        0x0 /opt/devkitPro/devkitARM/lib/gcc/arm-eabi/4.3.3/../../../../arm-eabi/lib/thumb/libsysbase.a(build_argv.o)
 .glue_7t       0x0200b788        0x0 /opt/devkitPro/devkitARM/lib/gcc/arm-eabi/4.3.3/../../../../arm-eabi/lib/thumb/libsysbase.a(handle_manager.o)
 .glue_7t       0x0200b788        0x0 /opt/devkitPro/devkitARM/lib/gcc/arm-eabi/4.3.3/thumb/libgcc.a(_udivsi3.o)
 .glue_7t       0x0200b788        0x0 /opt/devkitPro/devkitARM/lib/gcc/arm-eabi/4.3.3/thumb/libgcc.a(_muldi3.o)
 .glue_7t       0x0200b788        0x0 /opt/devkitPro/devkitARM/lib/gcc/arm-eabi/4.3.3/../../../../arm-eabi/lib/thumb/libg.a(lib_a-errno.o)
 .glue_7t       0x0200b788        0x0 /opt/devkitPro/devkitARM/lib/gcc/arm-eabi/4.3.3/../../../../arm-eabi/lib/thumb/libg.a(lib_a-strncmp.o)
 .glue_7t       0x0200b788        0x0 /opt/devkitPro/devkitARM/lib/gcc/arm-eabi/4.3.3/thumb/crtend.o
 .glue_7t       0x0200b788        0x0 /opt/devkitPro/devkitARM/lib/gcc/arm-eabi/4.3.3/thumb/crtn.o
                0x0200b788                . = ALIGN (0x4)

.vfp11_veneer   0x00000000        0x0
 .vfp11_veneer  0x00000000        0x0 /opt/devkitPro/devkitARM/lib/gcc/arm-eabi/4.3.3/../../../../arm-eabi/lib/thumb/ds_arm9_crt0.o
 .vfp11_veneer  0x00000000        0x0 /opt/devkitPro/devkitARM/lib/gcc/arm-eabi/4.3.3/thumb/crti.o
 .vfp11_veneer  0x00000000        0x0 /opt/devkitPro/devkitARM/lib/gcc/arm-eabi/4.3.3/thumb/crtbegin.o
 .vfp11_veneer  0x00000000        0x0 soundbank.bin.o
 .vfp11_veneer  0x00000000        0x0 b00.o
 .vfp11_veneer  0x00000000        0x0 b01.o
 .vfp11_veneer  0x00000000        0x0 b02.o
 .vfp11_veneer  0x00000000        0x0 b03.o
 .vfp11_veneer  0x00000000        0x0 b04.o
 .vfp11_veneer  0x00000000        0x0 b05.o
 .vfp11_veneer  0x00000000        0x0 b06.o
 .vfp11_veneer  0x00000000        0x0 b07.o
 .vfp11_veneer  0x00000000        0x0 b08.o
 .vfp11_veneer  0x00000000        0x0 b09.o
 .vfp11_veneer  0x00000000        0x0 b10.o
 .vfp11_veneer  0x00000000        0x0 backstars00.o
 .vfp11_veneer  0x00000000        0x0 backstars01.o
 .vfp11_veneer  0x00000000        0x0 backstars02.o
 .vfp11_veneer  0x00000000        0x0 backstars03.o
 .vfp11_veneer  0x00000000        0x0 backstars04.o
 .vfp11_veneer  0x00000000        0x0 backstars05.o
 .vfp11_veneer  0x00000000        0x0 backstars06.o
 .vfp11_veneer  0x00000000        0x0 backstars07.o
 .vfp11_veneer  0x00000000        0x0 backstars08.o
 .vfp11_veneer  0x00000000        0x0 backstars09.o
 .vfp11_veneer  0x00000000        0x0 backstars10.o
 .vfp11_veneer  0x00000000        0x0 backstars11.o
 .vfp11_veneer  0x00000000        0x0 backstars12.o
 .vfp11_veneer  0x00000000        0x0 backstars13.o
 .vfp11_veneer  0x00000000        0x0 backstars14.o
 .vfp11_veneer  0x00000000        0x0 backstars15.o
 .vfp11_veneer  0x00000000        0x0 backstars16.o
 .vfp11_veneer  0x00000000        0x0 backstars17.o
 .vfp11_veneer  0x00000000        0x0 backstars18.o
 .vfp11_veneer  0x00000000        0x0 backstars19.o
 .vfp11_veneer  0x00000000        0x0 backstars20.o
 .vfp11_veneer  0x00000000        0x0 backstars21.o
 .vfp11_veneer  0x00000000        0x0 exit1.o
 .vfp11_veneer  0x00000000        0x0 exit2.o
 .vfp11_veneer  0x00000000        0x0 options1.o
 .vfp11_veneer  0x00000000        0x0 options2.o
 .vfp11_veneer  0x00000000        0x0 pause1.o
 .vfp11_veneer  0x00000000        0x0 pause2.o
 .vfp11_veneer  0x00000000        0x0 play1.o
 .vfp11_veneer  0x00000000        0x0 play2.o
 .vfp11_veneer  0x00000000        0x0 backgrounds.o
 .vfp11_veneer  0x00000000        0x0 controllers.o
 .vfp11_veneer  0x00000000        0x0 functions.o
 .vfp11_veneer  0x00000000        0x0 keypad_screen.o
 .vfp11_veneer  0x00000000        0x0 main.o
 .vfp11_veneer  0x00000000        0x0 sprites.o
 .vfp11_veneer  0x00000000        0x0 timers.o
 .vfp11_veneer  0x00000000        0x0 /opt/devkitPro/libnds/lib/libnds9.a(console.o)
 .vfp11_veneer  0x00000000        0x0 /opt/devkitPro/libnds/lib/libnds9.a(initSystem.o)
 .vfp11_veneer  0x00000000        0x0 /opt/devkitPro/libnds/lib/libnds9.a(sprite.o)
 .vfp11_veneer  0x00000000        0x0 /opt/devkitPro/libnds/lib/libnds9.a(sprite_alloc.o)
 .vfp11_veneer  0x00000000        0x0 /opt/devkitPro/libnds/lib/libnds9.a(system.o)
 .vfp11_veneer  0x00000000        0x0 /opt/devkitPro/libnds/lib/libnds9.a(touch.o)
 .vfp11_veneer  0x00000000        0x0 /opt/devkitPro/libnds/lib/libnds9.a(trig.o)
 .vfp11_veneer  0x00000000        0x0 /opt/devkitPro/libnds/lib/libnds9.a(video.o)
 .vfp11_veneer  0x00000000        0x0 /opt/devkitPro/libnds/lib/libnds9.a(fifosystem.o)
 .vfp11_veneer  0x00000000        0x0 /opt/devkitPro/libnds/lib/libnds9.a(interrupts.o)
 .vfp11_veneer  0x00000000        0x0 /opt/devkitPro/libnds/lib/libnds9.a(dcache.o)
 .vfp11_veneer  0x00000000        0x0 /opt/devkitPro/libnds/lib/libnds9.a(biosCalls.o)
 .vfp11_veneer  0x00000000        0x0 /opt/devkitPro/libnds/lib/libnds9.a(debugprint.o)
 .vfp11_veneer  0x00000000        0x0 /opt/devkitPro/libnds/lib/libnds9.a(interruptDispatcher.o)
 .vfp11_veneer  0x00000000        0x0 /opt/devkitPro/libnds/lib/libnds9.a(default_font.bin.o)
 .vfp11_veneer  0x00000000        0x0 /opt/devkitPro/libnds/lib/libnds9.a(background.o)
 .vfp11_veneer  0x00000000        0x0 /opt/devkitPro/devkitARM/lib/gcc/arm-eabi/4.3.3/thumb/libgcc.a(_divsi3.o)
 .vfp11_veneer  0x00000000        0x0 /opt/devkitPro/devkitARM/lib/gcc/arm-eabi/4.3.3/thumb/libgcc.a(_dvmd_tls.o)
 .vfp11_veneer  0x00000000        0x0 /opt/devkitPro/devkitARM/lib/gcc/arm-eabi/4.3.3/../../../../arm-eabi/lib/thumb/libg.a(lib_a-bsearch.o)
 .vfp11_veneer  0x00000000        0x0 /opt/devkitPro/devkitARM/lib/gcc/arm-eabi/4.3.3/../../../../arm-eabi/lib/thumb/libg.a(lib_a-impure.o)
 .vfp11_veneer  0x00000000        0x0 /opt/devkitPro/devkitARM/lib/gcc/arm-eabi/4.3.3/../../../../arm-eabi/lib/thumb/libg.a(lib_a-init.o)
 .vfp11_veneer  0x00000000        0x0 /opt/devkitPro/devkitARM/lib/gcc/arm-eabi/4.3.3/../../../../arm-eabi/lib/thumb/libg.a(lib_a-iprintf.o)
 .vfp11_veneer  0x00000000        0x0 /opt/devkitPro/devkitARM/lib/gcc/arm-eabi/4.3.3/../../../../arm-eabi/lib/thumb/libg.a(lib_a-malloc.o)
 .vfp11_veneer  0x00000000        0x0 /opt/devkitPro/devkitARM/lib/gcc/arm-eabi/4.3.3/../../../../arm-eabi/lib/thumb/libg.a(lib_a-mallocr.o)
 .vfp11_veneer  0x00000000        0x0 /opt/devkitPro/devkitARM/lib/gcc/arm-eabi/4.3.3/../../../../arm-eabi/lib/thumb/libg.a(lib_a-memcpy.o)
 .vfp11_veneer  0x00000000        0x0 /opt/devkitPro/devkitARM/lib/gcc/arm-eabi/4.3.3/../../../../arm-eabi/lib/thumb/libg.a(lib_a-memset.o)
 .vfp11_veneer  0x00000000        0x0 /opt/devkitPro/devkitARM/lib/gcc/arm-eabi/4.3.3/../../../../arm-eabi/lib/thumb/libg.a(lib_a-mlock.o)
 .vfp11_veneer  0x00000000        0x0 /opt/devkitPro/devkitARM/lib/gcc/arm-eabi/4.3.3/../../../../arm-eabi/lib/thumb/libg.a(lib_a-rand.o)
 .vfp11_veneer  0x00000000        0x0 /opt/devkitPro/devkitARM/lib/gcc/arm-eabi/4.3.3/../../../../arm-eabi/lib/thumb/libg.a(lib_a-realloc.o)
 .vfp11_veneer  0x00000000        0x0 /opt/devkitPro/devkitARM/lib/gcc/arm-eabi/4.3.3/../../../../arm-eabi/lib/thumb/libg.a(lib_a-reallocr.o)
 .vfp11_veneer  0x00000000        0x0 /opt/devkitPro/devkitARM/lib/gcc/arm-eabi/4.3.3/../../../../arm-eabi/lib/thumb/libg.a(lib_a-setvbuf.o)
 .vfp11_veneer  0x00000000        0x0 /opt/devkitPro/devkitARM/lib/gcc/arm-eabi/4.3.3/../../../../arm-eabi/lib/thumb/libg.a(lib_a-siscanf.o)
 .vfp11_veneer  0x00000000        0x0 /opt/devkitPro/devkitARM/lib/gcc/arm-eabi/4.3.3/../../../../arm-eabi/lib/thumb/libg.a(lib_a-strlen.o)
 .vfp11_veneer  0x00000000        0x0 /opt/devkitPro/devkitARM/lib/gcc/arm-eabi/4.3.3/../../../../arm-eabi/lib/thumb/libg.a(lib_a-svfiscanf.o)
 .vfp11_veneer  0x00000000        0x0 /opt/devkitPro/devkitARM/lib/gcc/arm-eabi/4.3.3/../../../../arm-eabi/lib/thumb/libg.a(lib_a-time.o)
 .vfp11_veneer  0x00000000        0x0 /opt/devkitPro/devkitARM/lib/gcc/arm-eabi/4.3.3/../../../../arm-eabi/lib/thumb/libg.a(lib_a-ungetc.o)
 .vfp11_veneer  0x00000000        0x0 /opt/devkitPro/devkitARM/lib/gcc/arm-eabi/4.3.3/../../../../arm-eabi/lib/thumb/libg.a(lib_a-vfiprintf.o)
 .vfp11_veneer  0x00000000        0x0 /opt/devkitPro/devkitARM/lib/gcc/arm-eabi/4.3.3/../../../../arm-eabi/lib/thumb/libg.a(lib_a-wcrtomb.o)
 .vfp11_veneer  0x00000000        0x0 /opt/devkitPro/devkitARM/lib/gcc/arm-eabi/4.3.3/../../../../arm-eabi/lib/thumb/libg.a(lib_a-wcsrtombs.o)
 .vfp11_veneer  0x00000000        0x0 /opt/devkitPro/devkitARM/lib/gcc/arm-eabi/4.3.3/../../../../arm-eabi/lib/thumb/libg.a(lib_a-wctomb_r.o)
 .vfp11_veneer  0x00000000        0x0 /opt/devkitPro/devkitARM/lib/gcc/arm-eabi/4.3.3/../../../../arm-eabi/lib/thumb/libg.a(lib_a-wsetup.o)
 .vfp11_veneer  0x00000000        0x0 /opt/devkitPro/devkitARM/lib/gcc/arm-eabi/4.3.3/../../../../arm-eabi/lib/thumb/libg.a(lib_a-ctype_.o)
 .vfp11_veneer  0x00000000        0x0 /opt/devkitPro/devkitARM/lib/gcc/arm-eabi/4.3.3/../../../../arm-eabi/lib/thumb/libg.a(lib_a-fflush.o)
 .vfp11_veneer  0x00000000        0x0 /opt/devkitPro/devkitARM/lib/gcc/arm-eabi/4.3.3/../../../../arm-eabi/lib/thumb/libg.a(lib_a-findfp.o)
 .vfp11_veneer  0x00000000        0x0 /opt/devkitPro/devkitARM/lib/gcc/arm-eabi/4.3.3/../../../../arm-eabi/lib/thumb/libg.a(lib_a-freer.o)
 .vfp11_veneer  0x00000000        0x0 /opt/devkitPro/devkitARM/lib/gcc/arm-eabi/4.3.3/../../../../arm-eabi/lib/thumb/libg.a(lib_a-fvwrite.o)
 .vfp11_veneer  0x00000000        0x0 /opt/devkitPro/devkitARM/lib/gcc/arm-eabi/4.3.3/../../../../arm-eabi/lib/thumb/libg.a(lib_a-fwalk.o)
 .vfp11_veneer  0x00000000        0x0 /opt/devkitPro/devkitARM/lib/gcc/arm-eabi/4.3.3/../../../../arm-eabi/lib/thumb/libg.a(lib_a-iswspace.o)
 .vfp11_veneer  0x00000000        0x0 /opt/devkitPro/devkitARM/lib/gcc/arm-eabi/4.3.3/../../../../arm-eabi/lib/thumb/libg.a(lib_a-jp2uc.o)
 .vfp11_veneer  0x00000000        0x0 /opt/devkitPro/devkitARM/lib/gcc/arm-eabi/4.3.3/../../../../arm-eabi/lib/thumb/libg.a(lib_a-locale.o)
 .vfp11_veneer  0x00000000        0x0 /opt/devkitPro/devkitARM/lib/gcc/arm-eabi/4.3.3/../../../../arm-eabi/lib/thumb/libg.a(lib_a-makebuf.o)
 .vfp11_veneer  0x00000000        0x0 /opt/devkitPro/devkitARM/lib/gcc/arm-eabi/4.3.3/../../../../arm-eabi/lib/thumb/libg.a(lib_a-mbrtowc.o)
 .vfp11_veneer  0x00000000        0x0 /opt/devkitPro/devkitARM/lib/gcc/arm-eabi/4.3.3/../../../../arm-eabi/lib/thumb/libg.a(lib_a-mbtowc_r.o)
 .vfp11_veneer  0x00000000        0x0 /opt/devkitPro/devkitARM/lib/gcc/arm-eabi/4.3.3/../../../../arm-eabi/lib/thumb/libg.a(lib_a-memchr.o)
 .vfp11_veneer  0x00000000        0x0 /opt/devkitPro/devkitARM/lib/gcc/arm-eabi/4.3.3/../../../../arm-eabi/lib/thumb/libg.a(lib_a-memmove.o)
 .vfp11_veneer  0x00000000        0x0 /opt/devkitPro/devkitARM/lib/gcc/arm-eabi/4.3.3/../../../../arm-eabi/lib/thumb/libg.a(lib_a-sccl.o)
 .vfp11_veneer  0x00000000        0x0 /opt/devkitPro/devkitARM/lib/gcc/arm-eabi/4.3.3/../../../../arm-eabi/lib/thumb/libg.a(lib_a-stdio.o)
 .vfp11_veneer  0x00000000        0x0 /opt/devkitPro/devkitARM/lib/gcc/arm-eabi/4.3.3/../../../../arm-eabi/lib/thumb/libg.a(lib_a-strcmp.o)
 .vfp11_veneer  0x00000000        0x0 /opt/devkitPro/devkitARM/lib/gcc/arm-eabi/4.3.3/../../../../arm-eabi/lib/thumb/libg.a(lib_a-strcpy.o)
 .vfp11_veneer  0x00000000        0x0 /opt/devkitPro/devkitARM/lib/gcc/arm-eabi/4.3.3/../../../../arm-eabi/lib/thumb/libg.a(lib_a-strtol.o)
 .vfp11_veneer  0x00000000        0x0 /opt/devkitPro/devkitARM/lib/gcc/arm-eabi/4.3.3/../../../../arm-eabi/lib/thumb/libg.a(lib_a-strtoul.o)
 .vfp11_veneer  0x00000000        0x0 /opt/devkitPro/devkitARM/lib/gcc/arm-eabi/4.3.3/../../../../arm-eabi/lib/thumb/libg.a(lib_a-fclose.o)
 .vfp11_veneer  0x00000000        0x0 /opt/devkitPro/devkitARM/lib/gcc/arm-eabi/4.3.3/../../../../arm-eabi/lib/thumb/libsysbase.a(iosupport.o)
 .vfp11_veneer  0x00000000        0x0 /opt/devkitPro/devkitARM/lib/gcc/arm-eabi/4.3.3/../../../../arm-eabi/lib/thumb/libsysbase.a(close.o)
 .vfp11_veneer  0x00000000        0x0 /opt/devkitPro/devkitARM/lib/gcc/arm-eabi/4.3.3/../../../../arm-eabi/lib/thumb/libsysbase.a(fstat.o)
 .vfp11_veneer  0x00000000        0x0 /opt/devkitPro/devkitARM/lib/gcc/arm-eabi/4.3.3/../../../../arm-eabi/lib/thumb/libsysbase.a(isatty.o)
 .vfp11_veneer  0x00000000        0x0 /opt/devkitPro/devkitARM/lib/gcc/arm-eabi/4.3.3/../../../../arm-eabi/lib/thumb/libsysbase.a(lseek.o)
 .vfp11_veneer  0x00000000        0x0 /opt/devkitPro/devkitARM/lib/gcc/arm-eabi/4.3.3/../../../../arm-eabi/lib/thumb/libsysbase.a(read.o)
 .vfp11_veneer  0x00000000        0x0 /opt/devkitPro/devkitARM/lib/gcc/arm-eabi/4.3.3/../../../../arm-eabi/lib/thumb/libsysbase.a(sbrk.o)
 .vfp11_veneer  0x00000000        0x0 /opt/devkitPro/devkitARM/lib/gcc/arm-eabi/4.3.3/../../../../arm-eabi/lib/thumb/libsysbase.a(times.o)
 .vfp11_veneer  0x00000000        0x0 /opt/devkitPro/devkitARM/lib/gcc/arm-eabi/4.3.3/../../../../arm-eabi/lib/thumb/libsysbase.a(write.o)
 .vfp11_veneer  0x00000000        0x0 /opt/devkitPro/devkitARM/lib/gcc/arm-eabi/4.3.3/../../../../arm-eabi/lib/thumb/libsysbase.a(malloc_vars.o)
 .vfp11_veneer  0x00000000        0x0 /opt/devkitPro/devkitARM/lib/gcc/arm-eabi/4.3.3/../../../../arm-eabi/lib/thumb/libsysbase.a(build_argv.o)
 .vfp11_veneer  0x00000000        0x0 /opt/devkitPro/devkitARM/lib/gcc/arm-eabi/4.3.3/../../../../arm-eabi/lib/thumb/libsysbase.a(handle_manager.o)
 .vfp11_veneer  0x00000000        0x0 /opt/devkitPro/devkitARM/lib/gcc/arm-eabi/4.3.3/thumb/libgcc.a(_udivsi3.o)
 .vfp11_veneer  0x00000000        0x0 /opt/devkitPro/devkitARM/lib/gcc/arm-eabi/4.3.3/thumb/libgcc.a(_muldi3.o)
 .vfp11_veneer  0x00000000        0x0 /opt/devkitPro/devkitARM/lib/gcc/arm-eabi/4.3.3/../../../../arm-eabi/lib/thumb/libg.a(lib_a-errno.o)
 .vfp11_veneer  0x00000000        0x0 /opt/devkitPro/devkitARM/lib/gcc/arm-eabi/4.3.3/../../../../arm-eabi/lib/thumb/libg.a(lib_a-strncmp.o)
 .vfp11_veneer  0x00000000        0x0 /opt/devkitPro/devkitARM/lib/gcc/arm-eabi/4.3.3/thumb/crtend.o
 .vfp11_veneer  0x00000000        0x0 /opt/devkitPro/devkitARM/lib/gcc/arm-eabi/4.3.3/thumb/crtn.o

.v4_bx          0x00000000        0x0
 .v4_bx         0x00000000        0x0 /opt/devkitPro/devkitARM/lib/gcc/arm-eabi/4.3.3/../../../../arm-eabi/lib/thumb/ds_arm9_crt0.o
 .v4_bx         0x00000000        0x0 /opt/devkitPro/devkitARM/lib/gcc/arm-eabi/4.3.3/thumb/crti.o
 .v4_bx         0x00000000        0x0 /opt/devkitPro/devkitARM/lib/gcc/arm-eabi/4.3.3/thumb/crtbegin.o
 .v4_bx         0x00000000        0x0 soundbank.bin.o
 .v4_bx         0x00000000        0x0 b00.o
 .v4_bx         0x00000000        0x0 b01.o
 .v4_bx         0x00000000        0x0 b02.o
 .v4_bx         0x00000000        0x0 b03.o
 .v4_bx         0x00000000        0x0 b04.o
 .v4_bx         0x00000000        0x0 b05.o
 .v4_bx         0x00000000        0x0 b06.o
 .v4_bx         0x00000000        0x0 b07.o
 .v4_bx         0x00000000        0x0 b08.o
 .v4_bx         0x00000000        0x0 b09.o
 .v4_bx         0x00000000        0x0 b10.o
 .v4_bx         0x00000000        0x0 backstars00.o
 .v4_bx         0x00000000        0x0 backstars01.o
 .v4_bx         0x00000000        0x0 backstars02.o
 .v4_bx         0x00000000        0x0 backstars03.o
 .v4_bx         0x00000000        0x0 backstars04.o
 .v4_bx         0x00000000        0x0 backstars05.o
 .v4_bx         0x00000000        0x0 backstars06.o
 .v4_bx         0x00000000        0x0 backstars07.o
 .v4_bx         0x00000000        0x0 backstars08.o
 .v4_bx         0x00000000        0x0 backstars09.o
 .v4_bx         0x00000000        0x0 backstars10.o
 .v4_bx         0x00000000        0x0 backstars11.o
 .v4_bx         0x00000000        0x0 backstars12.o
 .v4_bx         0x00000000        0x0 backstars13.o
 .v4_bx         0x00000000        0x0 backstars14.o
 .v4_bx         0x00000000        0x0 backstars15.o
 .v4_bx         0x00000000        0x0 backstars16.o
 .v4_bx         0x00000000        0x0 backstars17.o
 .v4_bx         0x00000000        0x0 backstars18.o
 .v4_bx         0x00000000        0x0 backstars19.o
 .v4_bx         0x00000000        0x0 backstars20.o
 .v4_bx         0x00000000        0x0 backstars21.o
 .v4_bx         0x00000000        0x0 exit1.o
 .v4_bx         0x00000000        0x0 exit2.o
 .v4_bx         0x00000000        0x0 options1.o
 .v4_bx         0x00000000        0x0 options2.o
 .v4_bx         0x00000000        0x0 pause1.o
 .v4_bx         0x00000000        0x0 pause2.o
 .v4_bx         0x00000000        0x0 play1.o
 .v4_bx         0x00000000        0x0 play2.o
 .v4_bx         0x00000000        0x0 backgrounds.o
 .v4_bx         0x00000000        0x0 controllers.o
 .v4_bx         0x00000000        0x0 functions.o
 .v4_bx         0x00000000        0x0 keypad_screen.o
 .v4_bx         0x00000000        0x0 main.o
 .v4_bx         0x00000000        0x0 sprites.o
 .v4_bx         0x00000000        0x0 timers.o
 .v4_bx         0x00000000        0x0 /opt/devkitPro/libnds/lib/libnds9.a(console.o)
 .v4_bx         0x00000000        0x0 /opt/devkitPro/libnds/lib/libnds9.a(initSystem.o)
 .v4_bx         0x00000000        0x0 /opt/devkitPro/libnds/lib/libnds9.a(sprite.o)
 .v4_bx         0x00000000        0x0 /opt/devkitPro/libnds/lib/libnds9.a(sprite_alloc.o)
 .v4_bx         0x00000000        0x0 /opt/devkitPro/libnds/lib/libnds9.a(system.o)
 .v4_bx         0x00000000        0x0 /opt/devkitPro/libnds/lib/libnds9.a(touch.o)
 .v4_bx         0x00000000        0x0 /opt/devkitPro/libnds/lib/libnds9.a(trig.o)
 .v4_bx         0x00000000        0x0 /opt/devkitPro/libnds/lib/libnds9.a(video.o)
 .v4_bx         0x00000000        0x0 /opt/devkitPro/libnds/lib/libnds9.a(fifosystem.o)
 .v4_bx         0x00000000        0x0 /opt/devkitPro/libnds/lib/libnds9.a(interrupts.o)
 .v4_bx         0x00000000        0x0 /opt/devkitPro/libnds/lib/libnds9.a(dcache.o)
 .v4_bx         0x00000000        0x0 /opt/devkitPro/libnds/lib/libnds9.a(biosCalls.o)
 .v4_bx         0x00000000        0x0 /opt/devkitPro/libnds/lib/libnds9.a(debugprint.o)
 .v4_bx         0x00000000        0x0 /opt/devkitPro/libnds/lib/libnds9.a(interruptDispatcher.o)
 .v4_bx         0x00000000        0x0 /opt/devkitPro/libnds/lib/libnds9.a(default_font.bin.o)
 .v4_bx         0x00000000        0x0 /opt/devkitPro/libnds/lib/libnds9.a(background.o)
 .v4_bx         0x00000000        0x0 /opt/devkitPro/devkitARM/lib/gcc/arm-eabi/4.3.3/thumb/libgcc.a(_divsi3.o)
 .v4_bx         0x00000000        0x0 /opt/devkitPro/devkitARM/lib/gcc/arm-eabi/4.3.3/thumb/libgcc.a(_dvmd_tls.o)
 .v4_bx         0x00000000        0x0 /opt/devkitPro/devkitARM/lib/gcc/arm-eabi/4.3.3/../../../../arm-eabi/lib/thumb/libg.a(lib_a-bsearch.o)
 .v4_bx         0x00000000        0x0 /opt/devkitPro/devkitARM/lib/gcc/arm-eabi/4.3.3/../../../../arm-eabi/lib/thumb/libg.a(lib_a-impure.o)
 .v4_bx         0x00000000        0x0 /opt/devkitPro/devkitARM/lib/gcc/arm-eabi/4.3.3/../../../../arm-eabi/lib/thumb/libg.a(lib_a-init.o)
 .v4_bx         0x00000000        0x0 /opt/devkitPro/devkitARM/lib/gcc/arm-eabi/4.3.3/../../../../arm-eabi/lib/thumb/libg.a(lib_a-iprintf.o)
 .v4_bx         0x00000000        0x0 /opt/devkitPro/devkitARM/lib/gcc/arm-eabi/4.3.3/../../../../arm-eabi/lib/thumb/libg.a(lib_a-malloc.o)
 .v4_bx         0x00000000        0x0 /opt/devkitPro/devkitARM/lib/gcc/arm-eabi/4.3.3/../../../../arm-eabi/lib/thumb/libg.a(lib_a-mallocr.o)
 .v4_bx         0x00000000        0x0 /opt/devkitPro/devkitARM/lib/gcc/arm-eabi/4.3.3/../../../../arm-eabi/lib/thumb/libg.a(lib_a-memcpy.o)
 .v4_bx         0x00000000        0x0 /opt/devkitPro/devkitARM/lib/gcc/arm-eabi/4.3.3/../../../../arm-eabi/lib/thumb/libg.a(lib_a-memset.o)
 .v4_bx         0x00000000        0x0 /opt/devkitPro/devkitARM/lib/gcc/arm-eabi/4.3.3/../../../../arm-eabi/lib/thumb/libg.a(lib_a-mlock.o)
 .v4_bx         0x00000000        0x0 /opt/devkitPro/devkitARM/lib/gcc/arm-eabi/4.3.3/../../../../arm-eabi/lib/thumb/libg.a(lib_a-rand.o)
 .v4_bx         0x00000000        0x0 /opt/devkitPro/devkitARM/lib/gcc/arm-eabi/4.3.3/../../../../arm-eabi/lib/thumb/libg.a(lib_a-realloc.o)
 .v4_bx         0x00000000        0x0 /opt/devkitPro/devkitARM/lib/gcc/arm-eabi/4.3.3/../../../../arm-eabi/lib/thumb/libg.a(lib_a-reallocr.o)
 .v4_bx         0x00000000        0x0 /opt/devkitPro/devkitARM/lib/gcc/arm-eabi/4.3.3/../../../../arm-eabi/lib/thumb/libg.a(lib_a-setvbuf.o)
 .v4_bx         0x00000000        0x0 /opt/devkitPro/devkitARM/lib/gcc/arm-eabi/4.3.3/../../../../arm-eabi/lib/thumb/libg.a(lib_a-siscanf.o)
 .v4_bx         0x00000000        0x0 /opt/devkitPro/devkitARM/lib/gcc/arm-eabi/4.3.3/../../../../arm-eabi/lib/thumb/libg.a(lib_a-strlen.o)
 .v4_bx         0x00000000        0x0 /opt/devkitPro/devkitARM/lib/gcc/arm-eabi/4.3.3/../../../../arm-eabi/lib/thumb/libg.a(lib_a-svfiscanf.o)
 .v4_bx         0x00000000        0x0 /opt/devkitPro/devkitARM/lib/gcc/arm-eabi/4.3.3/../../../../arm-eabi/lib/thumb/libg.a(lib_a-time.o)
 .v4_bx         0x00000000        0x0 /opt/devkitPro/devkitARM/lib/gcc/arm-eabi/4.3.3/../../../../arm-eabi/lib/thumb/libg.a(lib_a-ungetc.o)
 .v4_bx         0x00000000        0x0 /opt/devkitPro/devkitARM/lib/gcc/arm-eabi/4.3.3/../../../../arm-eabi/lib/thumb/libg.a(lib_a-vfiprintf.o)
 .v4_bx         0x00000000        0x0 /opt/devkitPro/devkitARM/lib/gcc/arm-eabi/4.3.3/../../../../arm-eabi/lib/thumb/libg.a(lib_a-wcrtomb.o)
 .v4_bx         0x00000000        0x0 /opt/devkitPro/devkitARM/lib/gcc/arm-eabi/4.3.3/../../../../arm-eabi/lib/thumb/libg.a(lib_a-wcsrtombs.o)
 .v4_bx         0x00000000        0x0 /opt/devkitPro/devkitARM/lib/gcc/arm-eabi/4.3.3/../../../../arm-eabi/lib/thumb/libg.a(lib_a-wctomb_r.o)
 .v4_bx         0x00000000        0x0 /opt/devkitPro/devkitARM/lib/gcc/arm-eabi/4.3.3/../../../../arm-eabi/lib/thumb/libg.a(lib_a-wsetup.o)
 .v4_bx         0x00000000        0x0 /opt/devkitPro/devkitARM/lib/gcc/arm-eabi/4.3.3/../../../../arm-eabi/lib/thumb/libg.a(lib_a-ctype_.o)
 .v4_bx         0x00000000        0x0 /opt/devkitPro/devkitARM/lib/gcc/arm-eabi/4.3.3/../../../../arm-eabi/lib/thumb/libg.a(lib_a-fflush.o)
 .v4_bx         0x00000000        0x0 /opt/devkitPro/devkitARM/lib/gcc/arm-eabi/4.3.3/../../../../arm-eabi/lib/thumb/libg.a(lib_a-findfp.o)
 .v4_bx         0x00000000        0x0 /opt/devkitPro/devkitARM/lib/gcc/arm-eabi/4.3.3/../../../../arm-eabi/lib/thumb/libg.a(lib_a-freer.o)
 .v4_bx         0x00000000        0x0 /opt/devkitPro/devkitARM/lib/gcc/arm-eabi/4.3.3/../../../../arm-eabi/lib/thumb/libg.a(lib_a-fvwrite.o)
 .v4_bx         0x00000000        0x0 /opt/devkitPro/devkitARM/lib/gcc/arm-eabi/4.3.3/../../../../arm-eabi/lib/thumb/libg.a(lib_a-fwalk.o)
 .v4_bx         0x00000000        0x0 /opt/devkitPro/devkitARM/lib/gcc/arm-eabi/4.3.3/../../../../arm-eabi/lib/thumb/libg.a(lib_a-iswspace.o)
 .v4_bx         0x00000000        0x0 /opt/devkitPro/devkitARM/lib/gcc/arm-eabi/4.3.3/../../../../arm-eabi/lib/thumb/libg.a(lib_a-jp2uc.o)
 .v4_bx         0x00000000        0x0 /opt/devkitPro/devkitARM/lib/gcc/arm-eabi/4.3.3/../../../../arm-eabi/lib/thumb/libg.a(lib_a-locale.o)
 .v4_bx         0x00000000        0x0 /opt/devkitPro/devkitARM/lib/gcc/arm-eabi/4.3.3/../../../../arm-eabi/lib/thumb/libg.a(lib_a-makebuf.o)
 .v4_bx         0x00000000        0x0 /opt/devkitPro/devkitARM/lib/gcc/arm-eabi/4.3.3/../../../../arm-eabi/lib/thumb/libg.a(lib_a-mbrtowc.o)
 .v4_bx         0x00000000        0x0 /opt/devkitPro/devkitARM/lib/gcc/arm-eabi/4.3.3/../../../../arm-eabi/lib/thumb/libg.a(lib_a-mbtowc_r.o)
 .v4_bx         0x00000000        0x0 /opt/devkitPro/devkitARM/lib/gcc/arm-eabi/4.3.3/../../../../arm-eabi/lib/thumb/libg.a(lib_a-memchr.o)
 .v4_bx         0x00000000        0x0 /opt/devkitPro/devkitARM/lib/gcc/arm-eabi/4.3.3/../../../../arm-eabi/lib/thumb/libg.a(lib_a-memmove.o)
 .v4_bx         0x00000000        0x0 /opt/devkitPro/devkitARM/lib/gcc/arm-eabi/4.3.3/../../../../arm-eabi/lib/thumb/libg.a(lib_a-sccl.o)
 .v4_bx         0x00000000        0x0 /opt/devkitPro/devkitARM/lib/gcc/arm-eabi/4.3.3/../../../../arm-eabi/lib/thumb/libg.a(lib_a-stdio.o)
 .v4_bx         0x00000000        0x0 /opt/devkitPro/devkitARM/lib/gcc/arm-eabi/4.3.3/../../../../arm-eabi/lib/thumb/libg.a(lib_a-strcmp.o)
 .v4_bx         0x00000000        0x0 /opt/devkitPro/devkitARM/lib/gcc/arm-eabi/4.3.3/../../../../arm-eabi/lib/thumb/libg.a(lib_a-strcpy.o)
 .v4_bx         0x00000000        0x0 /opt/devkitPro/devkitARM/lib/gcc/arm-eabi/4.3.3/../../../../arm-eabi/lib/thumb/libg.a(lib_a-strtol.o)
 .v4_bx         0x00000000        0x0 /opt/devkitPro/devkitARM/lib/gcc/arm-eabi/4.3.3/../../../../arm-eabi/lib/thumb/libg.a(lib_a-strtoul.o)
 .v4_bx         0x00000000        0x0 /opt/devkitPro/devkitARM/lib/gcc/arm-eabi/4.3.3/../../../../arm-eabi/lib/thumb/libg.a(lib_a-fclose.o)
 .v4_bx         0x00000000        0x0 /opt/devkitPro/devkitARM/lib/gcc/arm-eabi/4.3.3/../../../../arm-eabi/lib/thumb/libsysbase.a(iosupport.o)
 .v4_bx         0x00000000        0x0 /opt/devkitPro/devkitARM/lib/gcc/arm-eabi/4.3.3/../../../../arm-eabi/lib/thumb/libsysbase.a(close.o)
 .v4_bx         0x00000000        0x0 /opt/devkitPro/devkitARM/lib/gcc/arm-eabi/4.3.3/../../../../arm-eabi/lib/thumb/libsysbase.a(fstat.o)
 .v4_bx         0x00000000        0x0 /opt/devkitPro/devkitARM/lib/gcc/arm-eabi/4.3.3/../../../../arm-eabi/lib/thumb/libsysbase.a(isatty.o)
 .v4_bx         0x00000000        0x0 /opt/devkitPro/devkitARM/lib/gcc/arm-eabi/4.3.3/../../../../arm-eabi/lib/thumb/libsysbase.a(lseek.o)
 .v4_bx         0x00000000        0x0 /opt/devkitPro/devkitARM/lib/gcc/arm-eabi/4.3.3/../../../../arm-eabi/lib/thumb/libsysbase.a(read.o)
 .v4_bx         0x00000000        0x0 /opt/devkitPro/devkitARM/lib/gcc/arm-eabi/4.3.3/../../../../arm-eabi/lib/thumb/libsysbase.a(sbrk.o)
 .v4_bx         0x00000000        0x0 /opt/devkitPro/devkitARM/lib/gcc/arm-eabi/4.3.3/../../../../arm-eabi/lib/thumb/libsysbase.a(times.o)
 .v4_bx         0x00000000        0x0 /opt/devkitPro/devkitARM/lib/gcc/arm-eabi/4.3.3/../../../../arm-eabi/lib/thumb/libsysbase.a(write.o)
 .v4_bx         0x00000000        0x0 /opt/devkitPro/devkitARM/lib/gcc/arm-eabi/4.3.3/../../../../arm-eabi/lib/thumb/libsysbase.a(malloc_vars.o)
 .v4_bx         0x00000000        0x0 /opt/devkitPro/devkitARM/lib/gcc/arm-eabi/4.3.3/../../../../arm-eabi/lib/thumb/libsysbase.a(build_argv.o)
 .v4_bx         0x00000000        0x0 /opt/devkitPro/devkitARM/lib/gcc/arm-eabi/4.3.3/../../../../arm-eabi/lib/thumb/libsysbase.a(handle_manager.o)
 .v4_bx         0x00000000        0x0 /opt/devkitPro/devkitARM/lib/gcc/arm-eabi/4.3.3/thumb/libgcc.a(_udivsi3.o)
 .v4_bx         0x00000000        0x0 /opt/devkitPro/devkitARM/lib/gcc/arm-eabi/4.3.3/thumb/libgcc.a(_muldi3.o)
 .v4_bx         0x00000000        0x0 /opt/devkitPro/devkitARM/lib/gcc/arm-eabi/4.3.3/../../../../arm-eabi/lib/thumb/libg.a(lib_a-errno.o)
 .v4_bx         0x00000000        0x0 /opt/devkitPro/devkitARM/lib/gcc/arm-eabi/4.3.3/../../../../arm-eabi/lib/thumb/libg.a(lib_a-strncmp.o)
 .v4_bx         0x00000000        0x0 /opt/devkitPro/devkitARM/lib/gcc/arm-eabi/4.3.3/thumb/crtend.o
 .v4_bx         0x00000000        0x0 /opt/devkitPro/devkitARM/lib/gcc/arm-eabi/4.3.3/thumb/crtn.o

.fini           0x0200b788        0xc
 *(.fini)
 .fini          0x0200b788        0x4 /opt/devkitPro/devkitARM/lib/gcc/arm-eabi/4.3.3/thumb/crti.o
                0x0200b788                _fini
 .fini          0x0200b78c        0x8 /opt/devkitPro/devkitARM/lib/gcc/arm-eabi/4.3.3/thumb/crtn.o
                0x0200b794                __text_end = .

.rodata         0x0200b794   0x3dea3c
 *(.rodata)
 .rodata        0x0200b794    0x18000 b00.o
                0x0200b794                b00Bitmap
 .rodata        0x02023794    0x18000 b01.o
                0x02023794                b01Bitmap
 .rodata        0x0203b794    0x18000 b02.o
                0x0203b794                b02Bitmap
 .rodata        0x02053794    0x18000 b03.o
                0x02053794                b03Bitmap
 .rodata        0x0206b794    0x18000 b04.o
                0x0206b794                b04Bitmap
 .rodata        0x02083794    0x18000 b05.o
                0x02083794                b05Bitmap
 .rodata        0x0209b794    0x18000 b06.o
                0x0209b794                b06Bitmap
 .rodata        0x020b3794    0x18000 b07.o
                0x020b3794                b07Bitmap
 .rodata        0x020cb794    0x18000 b08.o
                0x020cb794                b08Bitmap
 .rodata        0x020e3794    0x18000 b09.o
                0x020e3794                b09Bitmap
 .rodata        0x020fb794    0x18000 b10.o
                0x020fb794                b10Bitmap
 .rodata        0x02113794    0x18000 backstars00.o
                0x02113794                backstars00Bitmap
 .rodata        0x0212b794    0x18000 backstars01.o
                0x0212b794                backstars01Bitmap
 .rodata        0x02143794    0x18000 backstars02.o
                0x02143794                backstars02Bitmap
 .rodata        0x0215b794    0x18000 backstars03.o
                0x0215b794                backstars03Bitmap
 .rodata        0x02173794    0x18000 backstars04.o
                0x02173794                backstars04Bitmap
 .rodata        0x0218b794    0x18000 backstars05.o
                0x0218b794                backstars05Bitmap
 .rodata        0x021a3794    0x18000 backstars06.o
                0x021a3794                backstars06Bitmap
 .rodata        0x021bb794    0x18000 backstars07.o
                0x021bb794                backstars07Bitmap
 .rodata        0x021d3794    0x18000 backstars08.o
                0x021d3794                backstars08Bitmap
 .rodata        0x021eb794    0x18000 backstars09.o
                0x021eb794                backstars09Bitmap
 .rodata        0x02203794    0x18000 backstars10.o
                0x02203794                backstars10Bitmap
 .rodata        0x0221b794    0x18000 backstars11.o
                0x0221b794                backstars11Bitmap
 .rodata        0x02233794    0x18000 backstars12.o
                0x02233794                backstars12Bitmap
 .rodata        0x0224b794    0x18000 backstars13.o
                0x0224b794                backstars13Bitmap
 .rodata        0x02263794    0x18000 backstars14.o
                0x02263794                backstars14Bitmap
 .rodata        0x0227b794    0x18000 backstars15.o
                0x0227b794                backstars15Bitmap
 .rodata        0x02293794    0x18000 backstars16.o
                0x02293794                backstars16Bitmap
 .rodata        0x022ab794    0x18000 backstars17.o
                0x022ab794                backstars17Bitmap
 .rodata        0x022c3794    0x18000 backstars18.o
                0x022c3794                backstars18Bitmap
 .rodata        0x022db794    0x18000 backstars19.o
                0x022db794                backstars19Bitmap
 .rodata        0x022f3794    0x18000 backstars20.o
                0x022f3794                backstars20Bitmap
 .rodata        0x0230b794    0x18000 backstars21.o
                0x0230b794                backstars21Bitmap
 .rodata        0x02323794    0x18000 exit1.o
                0x02323794                exit1Bitmap
 .rodata        0x0233b794    0x18000 exit2.o
                0x0233b794                exit2Bitmap
 .rodata        0x02353794    0x18000 options1.o
                0x02353794                options1Bitmap
 .rodata        0x0236b794    0x18000 options2.o
                0x0236b794                options2Bitmap
 .rodata        0x02383794    0x18000 pause1.o
                0x02383794                pause1Bitmap
 .rodata        0x0239b794    0x18000 pause2.o
                0x0239b794                pause2Bitmap
 .rodata        0x023b3794    0x18000 play1.o
                0x023b3794                play1Bitmap
 .rodata        0x023cb794    0x18000 play2.o
                0x023cb794                play2Bitmap
 .rodata        0x023e3794      0x198 functions.o
 .rodata        0x023e392c       0x18 main.o
 .rodata        0x023e3944      0x18c /opt/devkitPro/libnds/lib/libnds9.a(console.o)
 .rodata        0x023e3ad0     0x2004 /opt/devkitPro/libnds/lib/libnds9.a(default_font.bin.o)
                0x023e5ad0                default_font_bin_end
                0x023e5ad0                default_font_bin_size
                0x023e3ad0                default_font_bin
 .rodata        0x023e5ad4        0x4 /opt/devkitPro/devkitARM/lib/gcc/arm-eabi/4.3.3/../../../../arm-eabi/lib/thumb/libg.a(lib_a-impure.o)
                0x023e5ad4                _global_impure_ptr
 .rodata        0x023e5ad8      0x340 /opt/devkitPro/devkitARM/lib/gcc/arm-eabi/4.3.3/../../../../arm-eabi/lib/thumb/libg.a(lib_a-svfiscanf.o)
 .rodata        0x023e5e18      0x184 /opt/devkitPro/devkitARM/lib/gcc/arm-eabi/4.3.3/../../../../arm-eabi/lib/thumb/libg.a(lib_a-vfiprintf.o)
 .rodata        0x023e5f9c      0x101 /opt/devkitPro/devkitARM/lib/gcc/arm-eabi/4.3.3/../../../../arm-eabi/lib/thumb/libg.a(lib_a-ctype_.o)
                0x023e5f9c                _ctype_
 *fill*         0x023e609d        0x3 ff
 .rodata        0x023e60a0     0x34ec /opt/devkitPro/devkitARM/lib/gcc/arm-eabi/4.3.3/../../../../arm-eabi/lib/thumb/libg.a(lib_a-jp2uc.o)
 .rodata        0x023e958c       0xb8 /opt/devkitPro/devkitARM/lib/gcc/arm-eabi/4.3.3/../../../../arm-eabi/lib/thumb/libg.a(lib_a-locale.o)
 .rodata        0x023e9644       0xa8 /opt/devkitPro/devkitARM/lib/gcc/arm-eabi/4.3.3/../../../../arm-eabi/lib/thumb/libg.a(lib_a-mbtowc_r.o)
 .rodata        0x023e96ec       0x5c /opt/devkitPro/devkitARM/lib/gcc/arm-eabi/4.3.3/../../../../arm-eabi/lib/thumb/libsysbase.a(iosupport.o)
                0x023e96ec                dotab_stdnull
 *all.rodata*(*)
 *(.roda)
 *(.rodata.*)
 .rodata.str1.4
                0x023e9748      0x754 functions.o
 .rodata.str1.4
                0x023e9e9c      0x239 main.o
                                0x268 (size before relaxing)
 *fill*         0x023ea0d5        0x3 ff
 .rodata.str1.4
                0x023ea0d8       0x44 /opt/devkitPro/libnds/lib/libnds9.a(console.o)